<html>
<body>
<pre>
<h1>µVision Build Log</h1>
<h2>Tool Versions:</h2>
IDE-Version: ¦ÌVision V5.14.0.0
Copyright (C) 2015 ARM Ltd and ARM Germany GmbH. All rights reserved.
License Information: 15 Q, 5, LIC=8VR56-DE2TM-XUF41-CPTWF-RD7A1-8MKP6
 
Tool Versions:
Toolchain:       MDK-ARM Standard  Version: 5.14.0.0
Toolchain Path:  C:\Keil_v5\ARM\ARMCC\Bin
C Compiler:      Armcc.exe V5.05 update 1 (build 106)
Assembler:       Armasm.exe V5.05 update 1 (build 106)
Linker/Locator:  ArmLink.exe V5.05 update 1 (build 106)
Library Manager: ArmAr.exe V5.05 update 1 (build 106)
Hex Converter:   FromElf.exe V5.05 update 1 (build 106)
CPU DLL:         SARMCM3.DLL V5.14.0.0
Dialog DLL:      DCM.DLL V1.13.1.0
Target DLL:      UL2CM3.DLL V1.155.0.0
Dialog DLL:      TCM.DLL V1.14.4.0
 
<h2>Project:</h2>
C:\Users\Q\Desktop\µ¹Á¢°Ú\µ¹Á¢°Ú 2.7ÎÞLOGO\USER\µ¹Á¢°Ú.uvprojx
Project File Date:  09/25/2019

<h2>Output:</h2>
Rebuild target '²âÊÔ'
compiling main.c...
compiling stm32f10x_it.c...
compiling system_stm32f10x.c...
compiling led.c...
compiling pwm.c...
compiling adc.c...
compiling encoder.c...
compiling control.c...
compiling motor.c...
compiling stmflash.c...
compiling OLED_I2C.c...
compiling exti.c...
compiling delay.c...
compiling sys.c...
compiling usart.c...
compiling tim2.c...
compiling core_cm3.c...
assembling startup_stm32f10x_hd.s...
compiling misc.c...
compiling stm32f10x_adc.c...
compiling stm32f10x_exti.c...
compiling stm32f10x_gpio.c...
compiling stm32f10x_rcc.c...
compiling stm32f10x_tim.c...
compiling stm32f10x_usart.c...
compiling stm32f10x_i2c.c...
compiling stm32f10x_flash.c...
linking...
Program Size: Code=13522 RO-data=2734 RW-data=476 ZI-data=3716  
FromELF: creating hex file...
"..\OBJ\µ¹Á¢°Ú.axf" - 0 Error(s), 0 Warning(s).

<h2>Collection of Component include folders:</h2>
  C:\Users\Q\Desktop\µ¹Á¢°Ú\µ¹Á¢°Ú 2.7ÎÞLOGO\USER\RTE
  C:\Keil_v5\ARM\PACK\Keil\STM32F1xx_DFP\1.0.5\Device\Include

<h2>Collection of Component Files used:</h2>
</pre>
</body>
</html>
