Component: ARM Compiler 5.05 update 1 (build 106) Tool: armlink [4d0efa]

==============================================================================

Section Cross References

    main.o(i.MENU) refers to oled_i2c.o(i.UI_1) for UI_1
    main.o(i.MENU) refers to oled_i2c.o(i.UI_2) for UI_2
    main.o(i.MENU) refers to oled_i2c.o(i.OLED_ShowNum) for OLED_ShowNum
    main.o(i.MENU) refers to oled_i2c.o(i.OLED_ShowOneNum) for OLED_ShowOneNum
    main.o(i.MENU) refers to oled_i2c.o(i.OLED_ShowStr) for OLED_ShowStr
    main.o(i.MENU) refers to exti.o(.data) for mark
    main.o(i.MENU) refers to main.o(.data) for page
    main.o(i.MENU) refers to control.o(.data) for angle0
    main.o(i.main) refers to misc.o(i.NVIC_PriorityGroupConfig) for NVIC_PriorityGroupConfig
    main.o(i.main) refers to usart.o(i.uart3_init) for uart3_init
    main.o(i.main) refers to led.o(i.LED_Init) for LED_Init
    main.o(i.main) refers to delay.o(i.delay_init) for delay_init
    main.o(i.main) refers to motor.o(i.MOTO_init) for MOTO_init
    main.o(i.main) refers to adc.o(i.Adc_Init) for Adc_Init
    main.o(i.main) refers to exti.o(i.EXTIX_Init) for EXTIX_Init
    main.o(i.main) refers to oled_i2c.o(i.I2C_Configuration) for I2C_Configuration
    main.o(i.main) refers to oled_i2c.o(i.OLED_Init) for OLED_Init
    main.o(i.main) refers to pwm.o(i.TIM_PWM_Init) for TIM_PWM_Init
    main.o(i.main) refers to tim2.o(i.TIM5_init) for TIM5_init
    main.o(i.main) refers to tim2.o(i.TIM6_init) for TIM6_init
    main.o(i.main) refers to stm32f10x_tim.o(i.TIM_Cmd) for TIM_Cmd
    main.o(i.main) refers to encoder.o(i.ENC_Init) for ENC_Init
    main.o(i.main) refers to oled_i2c.o(i.UI_TILTLE) for UI_TILTLE
    main.o(i.main) refers to oled_i2c.o(i.UI_1) for UI_1
    main.o(i.main) refers to stmflash.o(i.Read_Data) for Read_Data
    main.o(i.main) refers to motor.o(i.function) for function
    main.o(i.main) refers to usart.o(i.protocol) for protocol
    main.o(i.main) refers to main.o(i.MENU) for MENU
    main.o(i.main) refers to usart.o(.bss) for USART_RX_BUF
    main.o(i.main) refers to main.o(.data) for target
    system_stm32f10x.o(i.SetSysClock) refers to system_stm32f10x.o(i.SetSysClockTo72) for SetSysClockTo72
    system_stm32f10x.o(i.SystemCoreClockUpdate) refers to system_stm32f10x.o(.data) for SystemCoreClock
    system_stm32f10x.o(i.SystemInit) refers to system_stm32f10x.o(i.SetSysClock) for SetSysClock
    led.o(i.LED_Init) refers to stm32f10x_rcc.o(i.RCC_APB2PeriphClockCmd) for RCC_APB2PeriphClockCmd
    led.o(i.LED_Init) refers to stm32f10x_gpio.o(i.GPIO_Init) for GPIO_Init
    led.o(i.LED_Init) refers to stm32f10x_gpio.o(i.GPIO_SetBits) for GPIO_SetBits
    pwm.o(i.TIM_PWM_Init) refers to stm32f10x_rcc.o(i.RCC_APB1PeriphClockCmd) for RCC_APB1PeriphClockCmd
    pwm.o(i.TIM_PWM_Init) refers to stm32f10x_rcc.o(i.RCC_APB2PeriphClockCmd) for RCC_APB2PeriphClockCmd
    pwm.o(i.TIM_PWM_Init) refers to stm32f10x_gpio.o(i.GPIO_Init) for GPIO_Init
    pwm.o(i.TIM_PWM_Init) refers to stm32f10x_tim.o(i.TIM_TimeBaseInit) for TIM_TimeBaseInit
    pwm.o(i.TIM_PWM_Init) refers to stm32f10x_tim.o(i.TIM_OC4Init) for TIM_OC4Init
    pwm.o(i.TIM_PWM_Init) refers to stm32f10x_tim.o(i.TIM_OC1PreloadConfig) for TIM_OC1PreloadConfig
    pwm.o(i.TIM_PWM_Init) refers to stm32f10x_tim.o(i.TIM_ARRPreloadConfig) for TIM_ARRPreloadConfig
    pwm.o(i.TIM_PWM_Init) refers to stm32f10x_tim.o(i.TIM_Cmd) for TIM_Cmd
    adc.o(i.Adc_Init) refers to stm32f10x_rcc.o(i.RCC_APB2PeriphClockCmd) for RCC_APB2PeriphClockCmd
    adc.o(i.Adc_Init) refers to stm32f10x_rcc.o(i.RCC_ADCCLKConfig) for RCC_ADCCLKConfig
    adc.o(i.Adc_Init) refers to stm32f10x_gpio.o(i.GPIO_Init) for GPIO_Init
    adc.o(i.Adc_Init) refers to stm32f10x_adc.o(i.ADC_DeInit) for ADC_DeInit
    adc.o(i.Adc_Init) refers to stm32f10x_adc.o(i.ADC_Init) for ADC_Init
    adc.o(i.Adc_Init) refers to stm32f10x_adc.o(i.ADC_Cmd) for ADC_Cmd
    adc.o(i.Adc_Init) refers to stm32f10x_adc.o(i.ADC_ResetCalibration) for ADC_ResetCalibration
    adc.o(i.Adc_Init) refers to stm32f10x_adc.o(i.ADC_GetResetCalibrationStatus) for ADC_GetResetCalibrationStatus
    adc.o(i.Adc_Init) refers to stm32f10x_adc.o(i.ADC_StartCalibration) for ADC_StartCalibration
    adc.o(i.Adc_Init) refers to stm32f10x_adc.o(i.ADC_GetCalibrationStatus) for ADC_GetCalibrationStatus
    adc.o(i.Adc_Init) refers to stm32f10x_adc.o(i.ADC_SoftwareStartConvCmd) for ADC_SoftwareStartConvCmd
    adc.o(i.Get_Adc) refers to stm32f10x_adc.o(i.ADC_RegularChannelConfig) for ADC_RegularChannelConfig
    adc.o(i.Get_Adc) refers to stm32f10x_adc.o(i.ADC_SoftwareStartConvCmd) for ADC_SoftwareStartConvCmd
    adc.o(i.Get_Adc) refers to stm32f10x_adc.o(i.ADC_GetFlagStatus) for ADC_GetFlagStatus
    adc.o(i.Get_Adc) refers to stm32f10x_adc.o(i.ADC_GetConversionValue) for ADC_GetConversionValue
    adc.o(i.Get_Adc_Average) refers to adc.o(i.Get_Adc) for Get_Adc
    adc.o(i.Get_Adc_Average) refers to delay.o(i.delay_us) for delay_us
[...]
    ../clib/signal.c                         0x00000000   Number         0  defsig_other.o ABSOLUTE
    ../clib/signal.c                         0x00000000   Number         0  defsig_rtmem_outer.o ABSOLUTE
    ../clib/signal.c                         0x00000000   Number         0  defsig_rtred_inner.o ABSOLUTE
    ../clib/signal.c                         0x00000000   Number         0  defsig_rtmem_formal.o ABSOLUTE
    ../clib/signal.c                         0x00000000   Number         0  defsig_abrt_inner.o ABSOLUTE
    ../clib/signal.c                         0x00000000   Number         0  defsig_fpe_inner.o ABSOLUTE
    ../clib/signal.c                         0x00000000   Number         0  defsig_exit.o ABSOLUTE
    ../clib/signal.c                         0x00000000   Number         0  __raise.o ABSOLUTE
    ../clib/signal.s                         0x00000000   Number         0  defsig.o ABSOLUTE
    ../clib/stdlib.c                         0x00000000   Number         0  exit.o ABSOLUTE
    ../fplib/faddsub.s                       0x00000000   Number         0  faddsub_clz.o ABSOLUTE
    ../fplib/ffix.s                          0x00000000   Number         0  ffix.o ABSOLUTE
    ../fplib/fflt.s                          0x00000000   Number         0  fflt_clz.o ABSOLUTE
    ../fplib/fmul.s                          0x00000000   Number         0  fmul.o ABSOLUTE
    ../fplib/fnaninf.s                       0x00000000   Number         0  fnaninf.o ABSOLUTE
    ../fplib/fpinit.s                        0x00000000   Number         0  fpinit.o ABSOLUTE
    ../fplib/fretinf.s                       0x00000000   Number         0  fretinf.o ABSOLUTE
    ../fplib/usenofp.s                       0x00000000   Number         0  usenofp.o ABSOLUTE
    ..\CORE\core_cm3.c                       0x00000000   Number         0  core_cm3.o ABSOLUTE
    ..\CORE\startup_stm32f10x_hd.s           0x00000000   Number         0  startup_stm32f10x_hd.o ABSOLUTE
    ..\HARDWARE\LED\led.c                    0x00000000   Number         0  led.o ABSOLUTE
    ..\HARDWARE\OLED_I2C.c                   0x00000000   Number         0  oled_i2c.o ABSOLUTE
    ..\HARDWARE\adc.c                        0x00000000   Number         0  adc.o ABSOLUTE
    ..\HARDWARE\control.c                    0x00000000   Number         0  control.o ABSOLUTE
    ..\HARDWARE\encoder.c                    0x00000000   Number         0  encoder.o ABSOLUTE
    ..\HARDWARE\exti.c                       0x00000000   Number         0  exti.o ABSOLUTE
    ..\HARDWARE\motor.c                      0x00000000   Number         0  motor.o ABSOLUTE
    ..\HARDWARE\pwm.c                        0x00000000   Number         0  pwm.o ABSOLUTE
    ..\HARDWARE\stmflash.c                   0x00000000   Number         0  stmflash.o ABSOLUTE
    ..\STM32F10x_FWLib\src\misc.c            0x00000000   Number         0  misc.o ABSOLUTE
    ..\STM32F10x_FWLib\src\stm32f10x_adc.c   0x00000000   Number         0  stm32f10x_adc.o ABSOLUTE
    ..\STM32F10x_FWLib\src\stm32f10x_exti.c  0x00000000   Number         0  stm32f10x_exti.o ABSOLUTE
    ..\STM32F10x_FWLib\src\stm32f10x_flash.c 0x00000000   Number         0  stm32f10x_flash.o ABSOLUTE
    ..\STM32F10x_FWLib\src\stm32f10x_gpio.c  0x00000000   Number         0  stm32f10x_gpio.o ABSOLUTE
    ..\STM32F10x_FWLib\src\stm32f10x_i2c.c   0x00000000   Number         0  stm32f10x_i2c.o ABSOLUTE
    ..\STM32F10x_FWLib\src\stm32f10x_rcc.c   0x00000000   Number         0  stm32f10x_rcc.o ABSOLUTE
    ..\STM32F10x_FWLib\src\stm32f10x_tim.c   0x00000000   Number         0  stm32f10x_tim.o ABSOLUTE
    ..\STM32F10x_FWLib\src\stm32f10x_usart.c 0x00000000   Number         0  stm32f10x_usart.o ABSOLUTE
    ..\SYSTEM\delay\delay.c                  0x00000000   Number         0  delay.o ABSOLUTE
    ..\SYSTEM\sys\sys.c                      0x00000000   Number         0  sys.o ABSOLUTE
    ..\SYSTEM\tim2.c                         0x00000000   Number         0  tim2.o ABSOLUTE
    ..\SYSTEM\usart\usart.c                  0x00000000   Number         0  usart.o ABSOLUTE
    ..\\CORE\\core_cm3.c                     0x00000000   Number         0  core_cm3.o ABSOLUTE
    ..\\SYSTEM\\sys\\sys.c                   0x00000000   Number         0  sys.o ABSOLUTE
    dc.s                                     0x00000000   Number         0  dc.o ABSOLUTE
    main.c                                   0x00000000   Number         0  main.o ABSOLUTE
    stm32f10x_it.c                           0x00000000   Number         0  stm32f10x_it.o ABSOLUTE
    system_stm32f10x.c                       0x00000000   Number         0  system_stm32f10x.o ABSOLUTE
    RESET                                    0x08000000   Section      304  startup_stm32f10x_hd.o(RESET)
    !!!main                                  0x08000130   Section        8  __main.o(!!!main)
    !!!scatter                               0x08000138   Section       52  __scatter.o(!!!scatter)
    !!dczerorl2                              0x0800016c   Section       90  __dczerorl2.o(!!dczerorl2)
    !!handler_zi                             0x080001c8   Section       28  __scatter_zi.o(!!handler_zi)
    .ARM.Collect$$libinit$$00000000          0x080001e4   Section        2  libinit.o(.ARM.Collect$$libinit$$00000000)
    .ARM.Collect$$libinit$$00000002          0x080001e6   Section        0  libinit2.o(.ARM.Collect$$libinit$$00000002)
    .ARM.Collect$$libinit$$00000004          0x080001e6   Section        0  libinit2.o(.ARM.Collect$$libinit$$00000004)
    .ARM.Collect$$libinit$$0000000A          0x080001e6   Section        0  libinit2.o(.ARM.Collect$$libinit$$0000000A)
    .ARM.Collect$$libinit$$0000000C          0x080001e6   Section        0  libinit2.o(.ARM.Collect$$libinit$$0000000C)
    .ARM.Collect$$libinit$$0000000E          0x080001e6   Section        0  libinit2.o(.ARM.Collect$$libinit$$0000000E)
    .ARM.Collect$$libinit$$0000000F          0x080001e6   Section        6  libinit2.o(.ARM.Collect$$libinit$$0000000F)
    .ARM.Collect$$libinit$$00000011          0x080001ec   Section        0  libinit2.o(.ARM.Collect$$libinit$$00000011)
    .ARM.Collect$$libinit$$00000012          0x080001ec   Section       12  libinit2.o(.ARM.Collect$$libinit$$00000012)
    .ARM.Collect$$libinit$$00000013          0x080001f8   Section        0  libinit2.o(.ARM.Collect$$libinit$$00000013)
    .ARM.Collect$$libinit$$00000015          0x080001f8   Section        0  libinit2.o(.ARM.Collect$$libinit$$00000015)
    .ARM.Collect$$libinit$$00000017          0x080001f8   Section        0  libinit2.o(.ARM.Collect$$libinit$$00000017)
    .ARM.Collect$$libinit$$00000019          0x080001f8   Section        0  libinit2.o(.ARM.Collect$$libinit$$00000019)
    .ARM.Collect$$libinit$$0000001B          0x080001f8   Section        0  libinit2.o(.ARM.Collect$$libinit$$0000001B)
    .ARM.Collect$$libinit$$0000001D          0x080001f8   Section        0  libinit2.o(.ARM.Collect$$libinit$$0000001D)
    .ARM.Collect$$libinit$$0000001F          0x080001f8   Section        0  libinit2.o(.ARM.Collect$$libinit$$0000001F)
    .ARM.Collect$$libinit$$00000021          0x080001f8   Section        0  libinit2.o(.ARM.Collect$$libinit$$00000021)
    .ARM.Collect$$libinit$$00000023          0x080001f8   Section        0  libinit2.o(.ARM.Collect$$libinit$$00000023)
    .ARM.Collect$$libinit$$00000025          0x080001f8   Section        0  libinit2.o(.ARM.Collect$$libinit$$00000025)
    .ARM.Collect$$libinit$$0000002C          0x080001f8   Section        0  libinit2.o(.ARM.Collect$$libinit$$0000002C)
    .ARM.Collect$$libinit$$0000002E          0x080001f8   Section        0  libinit2.o(.ARM.Collect$$libinit$$0000002E)
    .ARM.Collect$$libinit$$00000030          0x080001f8   Section        0  libinit2.o(.ARM.Collect$$libinit$$00000030)
    .ARM.Collect$$libinit$$00000032          0x080001f8   Section        0  libinit2.o(.ARM.Collect$$libinit$$00000032)
    .ARM.Collect$$libinit$$00000033          0x080001f8   Section        2  libinit2.o(.ARM.Collect$$libinit$$00000033)
    .ARM.Collect$$libshutdown$$00000000      0x080001fa   Section        2  libshutdown.o(.ARM.Collect$$libshutdown$$00000000)
    .ARM.Collect$$libshutdown$$00000003      0x080001fc   Section        0  libshutdown2.o(.ARM.Collect$$libshutdown$$00000003)
    .ARM.Collect$$libshutdown$$00000006      0x080001fc   Section        0  libshutdown2.o(.ARM.Collect$$libshutdown$$00000006)
    .ARM.Collect$$libshutdown$$00000009      0x080001fc   Section        0  libshutdown2.o(.ARM.Collect$$libshutdown$$00000009)
    .ARM.Collect$$libshutdown$$0000000B      0x080001fc   Section        0  libshutdown2.o(.ARM.Collect$$libshutdown$$0000000B)
    .ARM.Collect$$libshutdown$$0000000E      0x080001fc   Section        0  libshutdown2.o(.ARM.Collect$$libshutdown$$0000000E)
    .ARM.Collect$$libshutdown$$0000000F      0x080001fc   Section        2  libshutdown2.o(.ARM.Collect$$libshutdown$$0000000F)
    .ARM.Collect$$rtentry$$00000000          0x080001fe   Section        0  __rtentry.o(.ARM.Collect$$rtentry$$00000000)
    .ARM.Collect$$rtentry$$00000002          0x080001fe   Section        0  __rtentry2.o(.ARM.Collect$$rtentry$$00000002)
    .ARM.Collect$$rtentry$$00000004          0x080001fe   Section        6  __rtentry4.o(.ARM.Collect$$rtentry$$00000004)
    .ARM.Collect$$rtentry$$00000009          0x08000204   Section        0  __rtentry2.o(.ARM.Collect$$rtentry$$00000009)
    .ARM.Collect$$rtentry$$0000000A          0x08000204   Section        4  __rtentry2.o(.ARM.Collect$$rtentry$$0000000A)
    .ARM.Collect$$rtentry$$0000000C          0x08000208   Section        0  __rtentry2.o(.ARM.Collect$$rtentry$$0000000C)
    .ARM.Collect$$rtentry$$0000000D          0x08000208   Section        8  __rtentry2.o(.ARM.Collect$$rtentry$$0000000D)
    .ARM.Collect$$rtexit$$00000000           0x08000210   Section        2  rtexit.o(.ARM.Collect$$rtexit$$00000000)
    .ARM.Collect$$rtexit$$00000002           0x08000212   Section        0  rtexit2.o(.ARM.Collect$$rtexit$$00000002)
    .ARM.Collect$$rtexit$$00000003           0x08000212   Section        4  rtexit2.o(.ARM.Collect$$rtexit$$00000003)
    .ARM.Collect$$rtexit$$00000004           0x08000216   Section        6  rtexit2.o(.ARM.Collect$$rtexit$$00000004)
    .text                                    0x0800021c   Section       64  startup_stm32f10x_hd.o(.text)
    .text                                    0x0800025c   Section        0  atoi.o(.text)
    .text                                    0x08000276   Section        0  heapauxi.o(.text)
    .text                                    0x0800027c   Section        8  rt_errno_addr_intlibspace.o(.text)
    .text                                    0x08000284   Section        0  strtol.o(.text)
    .text                                    0x080002f4   Section        8  libspace.o(.text)
    .text                                    0x080002fc   Section       16  rt_ctype_table.o(.text)
    .text                                    0x0800030c   Section        0  _strtoul.o(.text)
    .text                                    0x080003aa   Section       74  sys_stackheap_outer.o(.text)
    .text                                    0x080003f4   Section        8  rt_locale_intlibspace.o(.text)
    .text                                    0x080003fc   Section        0  _chval.o(.text)
    .text                                    0x08000418   Section        0  exit.o(.text)
    .text                                    0x08000424   Section      128  strcmpv7m.o(.text)
    .text                                    0x080004a4   Section        0  sys_exit.o(.text)
    .text                                    0x080004b0   Section        2  use_no_semi.o(.text)
    .text                                    0x080004b2   Section        0  indicate_semi.o(.text)
    i.ADC_Cmd                                0x080004b2   Section        0  stm32f10x_adc.o(i.ADC_Cmd)
    i.ADC_DeInit                             0x080004c8   Section        0  stm32f10x_adc.o(i.ADC_DeInit)
    i.ADC_GetCalibrationStatus               0x08000524   Section        0  stm32f10x_adc.o(i.ADC_GetCalibrationStatus)
    i.ADC_GetConversionValue                 0x08000538   Section        0  stm32f10x_adc.o(i.ADC_GetConversionValue)
    i.ADC_GetFlagStatus                      0x08000540   Section        0  stm32f10x_adc.o(i.ADC_GetFlagStatus)
    i.ADC_GetResetCalibrationStatus          0x08000552   Section        0  stm32f10x_adc.o(i.ADC_GetResetCalibrationStatus)
    i.ADC_Init                               0x08000568   Section        0  stm32f10x_adc.o(i.ADC_Init)
    i.ADC_RegularChannelConfig               0x080005b8   Section        0  stm32f10x_adc.o(i.ADC_RegularChannelConfig)
    i.ADC_ResetCalibration                   0x08000670   Section        0  stm32f10x_adc.o(i.ADC_ResetCalibration)
    i.ADC_SoftwareStartConvCmd               0x0800067a   Section        0  stm32f10x_adc.o(i.ADC_SoftwareStartConvCmd)
    i.ADC_StartCalibration                   0x08000690   Section        0  stm32f10x_adc.o(i.ADC_StartCalibration)
    i.Adc_Init                               0x0800069c   Section        0  adc.o(i.Adc_Init)
    i.AnglePID                               0x08000734   Section        0  control.o(i.AnglePID)
    i.BusFault_Handler                       0x080007d4   Section        0  stm32f10x_it.o(i.BusFault_Handler)
    i.DebugMon_Handler                       0x080007d8   Section        0  stm32f10x_it.o(i.DebugMon_Handler)
    i.ENC_Init                               0x080007dc   Section        0  encoder.o(i.ENC_Init)
    i.EXTI0_IRQHandler                       0x080008ac   Section        0  exti.o(i.EXTI0_IRQHandler)
    i.EXTI15_10_IRQHandler                   0x08000950   Section        0  exti.o(i.EXTI15_10_IRQHandler)
    i.EXTI1_IRQHandler                       0x08000a14   Section        0  exti.o(i.EXTI1_IRQHandler)
    i.EXTI4_IRQHandler                       0x08000acc   Section        0  exti.o(i.EXTI4_IRQHandler)
    i.EXTI9_5_IRQHandler                     0x08000b70   Section        0  exti.o(i.EXTI9_5_IRQHandler)
    i.EXTIX_Init                             0x08000be0   Section        0  exti.o(i.EXTIX_Init)
    i.EXTI_ClearITPendingBit                 0x08000d64   Section        0  stm32f10x_exti.o(i.EXTI_ClearITPendingBit)
    i.EXTI_GetITStatus                       0x08000d70   Section        0  stm32f10x_exti.o(i.EXTI_GetITStatus)
    i.EXTI_Init                              0x08000d98   Section        0  stm32f10x_exti.o(i.EXTI_Init)
    i.FLASH_ErasePage                        0x08000e2c   Section        0  stm32f10x_flash.o(i.FLASH_ErasePage)
    i.FLASH_GetBank1Status                   0x08000e78   Section        0  stm32f10x_flash.o(i.FLASH_GetBank1Status)
    i.FLASH_Lock                             0x08000eac   Section        0  stm32f10x_flash.o(i.FLASH_Lock)
    i.FLASH_ProgramHalfWord                  0x08000ec0   Section        0  stm32f10x_flash.o(i.FLASH_ProgramHalfWord)
    i.FLASH_Unlock                           0x08000f00   Section        0  stm32f10x_flash.o(i.FLASH_Unlock)
    i.FLASH_WaitForLastOperation             0x08000f18   Section        0  stm32f10x_flash.o(i.FLASH_WaitForLastOperation)
    i.GPIO_EXTILineConfig                    0x08000f40   Section        0  stm32f10x_gpio.o(i.GPIO_EXTILineConfig)
    i.GPIO_Init                              0x08000f80   Section        0  stm32f10x_gpio.o(i.GPIO_Init)
    i.GPIO_PinRemapConfig                    0x08001098   Section        0  stm32f10x_gpio.o(i.GPIO_PinRemapConfig)
    i.GPIO_SetBits                           0x08001128   Section        0  stm32f10x_gpio.o(i.GPIO_SetBits)
    i.GPIO_StructInit                        0x0800112c   Section        0  stm32f10x_gpio.o(i.GPIO_StructInit)
    i.Get_Adc                                0x0800113c   Section        0  adc.o(i.Get_Adc)
    i.Get_Adc_Average                        0x08001170   Section        0  adc.o(i.Get_Adc_Average)
    i.HardFault_Handler                      0x0800119e   Section        0  stm32f10x_it.o(i.HardFault_Handler)
    i.I2C_Configuration                      0x080011a4   Section        0  oled_i2c.o(i.I2C_Configuration)
    i.IIC_Start                              0x080011dc   Section        0  oled_i2c.o(i.IIC_Start)
    i.IIC_Stop                               0x0800120c   Section        0  oled_i2c.o(i.IIC_Stop)
    i.IIC_WriteByte                          0x0800123c   Section        0  oled_i2c.o(i.IIC_WriteByte)
    i.LED_Init                               0x080012b4   Section        0  led.o(i.LED_Init)
    i.MENU                                   0x080012e8   Section        0  main.o(i.MENU)
    i.MOTO_init                              0x08001440   Section        0  motor.o(i.MOTO_init)
    i.MemManage_Handler                      0x080014a8   Section        0  stm32f10x_it.o(i.MemManage_Handler)
    i.NMI_Handler                            0x080014ac   Section        0  stm32f10x_it.o(i.NMI_Handler)
    i.NVIC_Init                              0x080014b0   Section        0  misc.o(i.NVIC_Init)
    i.NVIC_PriorityGroupConfig               0x08001520   Section        0  misc.o(i.NVIC_PriorityGroupConfig)
    i.OLED_Fill                              0x08001534   Section        0  oled_i2c.o(i.OLED_Fill)
    i.OLED_Init                              0x0800156e   Section        0  oled_i2c.o(i.OLED_Init)
    i.OLED_SetPos                            0x08001620   Section        0  oled_i2c.o(i.OLED_SetPos)
    i.OLED_ShowCN                            0x08001648   Section        0  oled_i2c.o(i.OLED_ShowCN)
    i.OLED_ShowNum                           0x0800169c   Section        0  oled_i2c.o(i.OLED_ShowNum)
    i.OLED_ShowOneNum                        0x0800173c   Section        0  oled_i2c.o(i.OLED_ShowOneNum)
    i.OLED_ShowStr                           0x080017fc   Section        0  oled_i2c.o(i.OLED_ShowStr)
    i.PendSV_Handler                         0x080018e8   Section        0  stm32f10x_it.o(i.PendSV_Handler)
    i.RCC_ADCCLKConfig                       0x080018ec   Section        0  stm32f10x_rcc.o(i.RCC_ADCCLKConfig)
    i.RCC_APB1PeriphClockCmd                 0x08001904   Section        0  stm32f10x_rcc.o(i.RCC_APB1PeriphClockCmd)
    i.RCC_APB1PeriphResetCmd                 0x08001924   Section        0  stm32f10x_rcc.o(i.RCC_APB1PeriphResetCmd)
    i.RCC_APB2PeriphClockCmd                 0x08001944   Section        0  stm32f10x_rcc.o(i.RCC_APB2PeriphClockCmd)
    i.RCC_APB2PeriphResetCmd                 0x08001964   Section        0  stm32f10x_rcc.o(i.RCC_APB2PeriphResetCmd)
    i.RCC_GetClocksFreq                      0x08001984   Section        0  stm32f10x_rcc.o(i.RCC_GetClocksFreq)
    i.Read_Data                              0x08001a58   Section        0  stmflash.o(i.Read_Data)
    i.STMFLASH_Read                          0x08001a8c   Section        0  stmflash.o(i.STMFLASH_Read)
    i.STMFLASH_ReadHalfWord                  0x08001aae   Section        0  stmflash.o(i.STMFLASH_ReadHalfWord)
    i.STMFLASH_Write                         0x08001ab4   Section        0  stmflash.o(i.STMFLASH_Write)
    i.STMFLASH_Write_NoCheck                 0x08001b9c   Section        0  stmflash.o(i.STMFLASH_Write_NoCheck)
    i.SVC_Handler                            0x08001bc2   Section        0  stm32f10x_it.o(i.SVC_Handler)
    i.SetSysClock                            0x08001bc4   Section        0  system_stm32f10x.o(i.SetSysClock)
    SetSysClock                              0x08001bc5   Thumb Code     8  system_stm32f10x.o(i.SetSysClock)
    i.SetSysClockTo72                        0x08001bcc   Section        0  system_stm32f10x.o(i.SetSysClockTo72)
    SetSysClockTo72                          0x08001bcd   Thumb Code   214  system_stm32f10x.o(i.SetSysClockTo72)
    i.SpeedPID                               0x08001cac   Section        0  control.o(i.SpeedPID)
    i.SysTick_CLKSourceConfig                0x08001d74   Section        0  misc.o(i.SysTick_CLKSourceConfig)
    i.SysTick_Handler                        0x08001d9c   Section        0  stm32f10x_it.o(i.SysTick_Handler)
    i.SystemInit                             0x08001da0   Section        0  system_stm32f10x.o(i.SystemInit)
    i.TI1_Config                             0x08001e00   Section        0  stm32f10x_tim.o(i.TI1_Config)
    TI1_Config                               0x08001e01   Thumb Code   108  stm32f10x_tim.o(i.TI1_Config)
    i.TI2_Config                             0x08001e80   Section        0  stm32f10x_tim.o(i.TI2_Config)
    TI2_Config                               0x08001e81   Thumb Code   130  stm32f10x_tim.o(i.TI2_Config)
    i.TI3_Config                             0x08001f18   Section        0  stm32f10x_tim.o(i.TI3_Config)
    TI3_Config                               0x08001f19   Thumb Code   122  stm32f10x_tim.o(i.TI3_Config)
    i.TI4_Config                             0x08001fa8   Section        0  stm32f10x_tim.o(i.TI4_Config)
    TI4_Config                               0x08001fa9   Thumb Code   130  stm32f10x_tim.o(i.TI4_Config)
    i.TIM5_IRQHandler                        0x08002040   Section        0  control.o(i.TIM5_IRQHandler)
    i.TIM5_init                              0x08002070   Section        0  tim2.o(i.TIM5_init)
    i.TIM6_IRQHandler                        0x080020cc   Section        0  control.o(i.TIM6_IRQHandler)
    i.TIM6_init                              0x0800218c   Section        0  tim2.o(i.TIM6_init)
    i.TIM_ARRPreloadConfig                   0x080021e8   Section        0  stm32f10x_tim.o(i.TIM_ARRPreloadConfig)
    i.TIM_ClearFlag                          0x08002200   Section        0  stm32f10x_tim.o(i.TIM_ClearFlag)
    i.TIM_Cmd                                0x08002206   Section        0  stm32f10x_tim.o(i.TIM_Cmd)
    i.TIM_DeInit                             0x08002220   Section        0  stm32f10x_tim.o(i.TIM_DeInit)
    i.TIM_EncoderInterfaceConfig             0x08002408   Section        0  stm32f10x_tim.o(i.TIM_EncoderInterfaceConfig)
    i.TIM_ICInit                             0x0800244c   Section        0  stm32f10x_tim.o(i.TIM_ICInit)
    i.TIM_ICStructInit                       0x080024f8   Section        0  stm32f10x_tim.o(i.TIM_ICStructInit)
    i.TIM_ITConfig                           0x0800250a   Section        0  stm32f10x_tim.o(i.TIM_ITConfig)
    i.TIM_OC1PreloadConfig                   0x0800251c   Section        0  stm32f10x_tim.o(i.TIM_OC1PreloadConfig)
    i.TIM_OC4Init                            0x08002530   Section        0  stm32f10x_tim.o(i.TIM_OC4Init)
    i.TIM_PWM_Init                           0x080025ac   Section        0  pwm.o(i.TIM_PWM_Init)
    i.TIM_SetIC1Prescaler                    0x0800263c   Section        0  stm32f10x_tim.o(i.TIM_SetIC1Prescaler)
    i.TIM_SetIC2Prescaler                    0x0800264e   Section        0  stm32f10x_tim.o(i.TIM_SetIC2Prescaler)
    i.TIM_SetIC3Prescaler                    0x08002668   Section        0  stm32f10x_tim.o(i.TIM_SetIC3Prescaler)
    i.TIM_SetIC4Prescaler                    0x0800267a   Section        0  stm32f10x_tim.o(i.TIM_SetIC4Prescaler)
    i.TIM_TimeBaseInit                       0x08002694   Section        0  stm32f10x_tim.o(i.TIM_TimeBaseInit)
    i.TIM_TimeBaseStructInit                 0x08002738   Section        0  stm32f10x_tim.o(i.TIM_TimeBaseStructInit)
    i.UI_1                                   0x0800274c   Section        0  oled_i2c.o(i.UI_1)
    i.UI_2                                   0x080027f0   Section        0  oled_i2c.o(i.UI_2)
    i.UI_R                                   0x08002884   Section        0  oled_i2c.o(i.UI_R)
    i.UI_TILTLE                              0x080028bc   Section        0  oled_i2c.o(i.UI_TILTLE)
    i.USART3_IRQHandler                      0x0800290c   Section        0  usart.o(i.USART3_IRQHandler)
    i.USART_Cmd                              0x0800295c   Section        0  stm32f10x_usart.o(i.USART_Cmd)
    i.USART_GetITStatus                      0x08002974   Section        0  stm32f10x_usart.o(i.USART_GetITStatus)
    i.USART_ITConfig                         0x080029c8   Section        0  stm32f10x_usart.o(i.USART_ITConfig)
    i.USART_Init                             0x08002a14   Section        0  stm32f10x_usart.o(i.USART_Init)
    i.USART_ReceiveData                      0x08002aec   Section        0  stm32f10x_usart.o(i.USART_ReceiveData)
    i.USART_SendData                         0x08002af6   Section        0  stm32f10x_usart.o(i.USART_SendData)
    i.UsageFault_Handler                     0x08002afe   Section        0  stm32f10x_it.o(i.UsageFault_Handler)
    i.WriteCmd                               0x08002b02   Section        0  oled_i2c.o(i.WriteCmd)
    i.WriteDat                               0x08002b22   Section        0  oled_i2c.o(i.WriteDat)
    i.Write_HByte                            0x08002b42   Section        0  stmflash.o(i.Write_HByte)
    i.delay_init                             0x08002b64   Section        0  delay.o(i.delay_init)
    i.delay_ms                               0x08002ba8   Section        0  delay.o(i.delay_ms)
    i.delay_us                               0x08002bf4   Section        0  delay.o(i.delay_us)
    i.exti_io_init                           0x08002c40   Section        0  exti.o(i.exti_io_init)
    i.function                               0x08002c74   Section        0  motor.o(i.function)
    i.main                                   0x08002e1c   Section        0  main.o(i.main)
    i.pid                                    0x08002ed0   Section        0  control.o(i.pid)
    i.protocol                               0x08003078   Section        0  usart.o(i.protocol)
    i.setmoto                                0x08003138   Section        0  motor.o(i.setmoto)
    i.uart3_init                             0x08003180   Section        0  usart.o(i.uart3_init)
    locale$$code                             0x08003228   Section       44  lc_ctype_c.o(locale$$code)
    x$fpl$fadd                               0x08003254   Section      196  faddsub_clz.o(x$fpl$fadd)
    _fadd1                                   0x08003263   Thumb Code     0  faddsub_clz.o(x$fpl$fadd)
    x$fpl$ffix                               0x08003318   Section       54  ffix.o(x$fpl$ffix)
    x$fpl$fflt                               0x08003350   Section       48  fflt_clz.o(x$fpl$fflt)
    x$fpl$fmul                               0x08003380   Section      258  fmul.o(x$fpl$fmul)
    x$fpl$fnaninf                            0x08003482   Section      140  fnaninf.o(x$fpl$fnaninf)
    x$fpl$fretinf                            0x0800350e   Section       10  fretinf.o(x$fpl$fretinf)
    x$fpl$fsub                               0x08003518   Section      234  faddsub_clz.o(x$fpl$fsub)
    _fsub1                                   0x08003527   Thumb Code     0  faddsub_clz.o(x$fpl$fsub)
    .constdata                               0x08003602   Section     2126  oled_i2c.o(.constdata)
    x$fpl$usenofp                            0x08003602   Section        0  usenofp.o(x$fpl$usenofp)
    locale$$data                             0x08003e70   Section      272  lc_ctype_c.o(locale$$data)
    __lcctype_c_name                         0x08003e74   Data           2  lc_ctype_c.o(locale$$data)
    __lcctype_c_start                        0x08003e7c   Data           0  lc_ctype_c.o(locale$$data)
    __lcctype_c_end                          0x08003f80   Data           0  lc_ctype_c.o(locale$$data)
    .data                                    0x20000000   Section       33  main.o(.data)
    .data                                    0x20000024   Section       20  system_stm32f10x.o(.data)
    .data                                    0x20000038   Section       96  control.o(.data)
    CurrentSpeed_Pre                         0x2000008c   Data           4  control.o(.data)
    Angle_Last                               0x20000090   Data           2  control.o(.data)
    SpCount                                  0x20000092   Data           1  control.o(.data)
    LedCount                                 0x20000093   Data           1  control.o(.data)
    Angle_Pwm                                0x20000094   Data           2  control.o(.data)
    Speed_Pwm                                0x20000096   Data           2  control.o(.data)
    .data                                    0x20000098   Section        4  motor.o(.data)
    .data                                    0x2000009c   Section      286  oled_i2c.o(.data)
    .data                                    0x200001ba   Section        4  exti.o(.data)
    .data                                    0x200001be   Section        4  delay.o(.data)
    fac_us                                   0x200001be   Data           1  delay.o(.data)
    fac_ms                                   0x200001c0   Data           2  delay.o(.data)
    .data                                    0x200001c2   Section        3  usart.o(.data)
    .data                                    0x200001c5   Section       20  stm32f10x_rcc.o(.data)
    APBAHBPrescTable                         0x200001c5   Data          16  stm32f10x_rcc.o(.data)
    ADCPrescTable                            0x200001d5   Data           4  stm32f10x_rcc.o(.data)
    .bss                                     0x200001dc   Section     2048  stmflash.o(.bss)
    .bss                                     0x200009dc   Section       12  exti.o(.bss)
    .bss                                     0x200009e8   Section       20  usart.o(.bss)
    .bss                                     0x200009fc   Section       96  libspace.o(.bss)
    HEAP                                     0x20000a60   Section      512  startup_stm32f10x_hd.o(HEAP)
    Heap_Mem                                 0x20000a60   Data         512  startup_stm32f10x_hd.o(HEAP)
    STACK                                    0x20000c60   Section     1024  startup_stm32f10x_hd.o(STACK)
    Stack_Mem                                0x20000c60   Data        1024  startup_stm32f10x_hd.o(STACK)
    __initial_sp                             0x20001060   Data           0  startup_stm32f10x_hd.o(STACK)

    Global Symbols

    Symbol Name                              Value     Ov Type        Size  Object(Section)

    BuildAttributes$$THM_ISAv4$P$D$K$B$S$PE$A:L22UL41UL21$X:L11$S22US41US21$IEEE1$IW$USESV6$~STKCKD$USESV7$~SHL$OSPACE$ROPI$EBA8$UX$STANDARDLIB$REQ8$PRES8$EABIv2 0x00000000   Number         0  anon$$obj.o ABSOLUTE
    __ARM_use_no_argv                        0x00000000   Number         0  main.o ABSOLUTE
    __ARM_exceptions_init                     - Undefined Weak Reference
    __alloca_initialize                       - Undefined Weak Reference
    __arm_preinit_                            - Undefined Weak Reference
    __cpp_initialize__aeabi_                  - Undefined Weak Reference
    __cxa_finalize                            - Undefined Weak Reference
    __sigvec_lookup                           - Undefined Weak Reference
    _atexit_init                              - Undefined Weak Reference
    _call_atexit_fns                          - Undefined Weak Reference
    _clock_init                               - Undefined Weak Reference
    _fp_trap_init                             - Undefined Weak Reference
    _fp_trap_shutdown                         - Undefined Weak Reference
    _get_lc_collate                           - Undefined Weak Reference
    _get_lc_monetary                          - Undefined Weak Reference
    _get_lc_numeric                           - Undefined Weak Reference
    _get_lc_time                              - Undefined Weak Reference
    _getenv_init                              - Undefined Weak Reference
    _handle_redirection                       - Undefined Weak Reference
    _init_alloc                               - Undefined Weak Reference
    _init_user_alloc                          - Undefined Weak Reference
    _initio                                   - Undefined Weak Reference
    _rand_init                                - Undefined Weak Reference
    _signal_finish                            - Undefined Weak Reference
    _signal_init                              - Undefined Weak Reference
    _terminate_alloc                          - Undefined Weak Reference
    _terminate_user_alloc                     - Undefined Weak Reference
    _terminateio                              - Undefined Weak Reference
    __Vectors_Size                           0x00000130   Number         0  startup_stm32f10x_hd.o ABSOLUTE
    __Vectors                                0x08000000   Data           4  startup_stm32f10x_hd.o(RESET)
    __Vectors_End                            0x08000130   Data           0  startup_stm32f10x_hd.o(RESET)
    __main                                   0x08000131   Thumb Code     8  __main.o(!!!main)
    __scatterload                            0x08000139   Thumb Code     0  __scatter.o(!!!scatter)
    __scatterload_rt2                        0x08000139   Thumb Code    44  __scatter.o(!!!scatter)
    __scatterload_rt2_thumb_only             0x08000139   Thumb Code     0  __scatter.o(!!!scatter)
    __scatterload_null                       0x08000147   Thumb Code     0  __scatter.o(!!!scatter)
    __decompress                             0x0800016d   Thumb Code    90  __dczerorl2.o(!!dczerorl2)
    __decompress1                            0x0800016d   Thumb Code     0  __dczerorl2.o(!!dczerorl2)
    __scatterload_zeroinit                   0x080001c9   Thumb Code    28  __scatter_zi.o(!!handler_zi)
    __rt_lib_init                            0x080001e5   Thumb Code     0  libinit.o(.ARM.Collect$$libinit$$00000000)
    __rt_lib_init_fp_1                       0x080001e7   Thumb Code     0  libinit2.o(.ARM.Collect$$libinit$$00000002)
    __rt_lib_init_heap_1                     0x080001e7   Thumb Code     0  libinit2.o(.ARM.Collect$$libinit$$0000000A)
    __rt_lib_init_lc_common                  0x080001e7   Thumb Code     0  libinit2.o(.ARM.Collect$$libinit$$0000000F)
    __rt_lib_init_preinit_1                  0x080001e7   Thumb Code     0  libinit2.o(.ARM.Collect$$libinit$$00000004)
    __rt_lib_init_rand_1                     0x080001e7   Thumb Code     0  libinit2.o(.ARM.Collect$$libinit$$0000000E)
    __rt_lib_init_user_alloc_1               0x080001e7   Thumb Code     0  libinit2.o(.ARM.Collect$$libinit$$0000000C)
    __rt_lib_init_lc_collate_1               0x080001ed   Thumb Code     0  libinit2.o(.ARM.Collect$$libinit$$00000011)
    __rt_lib_init_lc_ctype_2                 0x080001ed   Thumb Code     0  libinit2.o(.ARM.Collect$$libinit$$00000012)
    __rt_lib_init_alloca_1                   0x080001f9   Thumb Code     0  libinit2.o(.ARM.Collect$$libinit$$0000002E)
    __rt_lib_init_argv_1                     0x080001f9   Thumb Code     0  libinit2.o(.ARM.Collect$$libinit$$0000002C)
    __rt_lib_init_atexit_1                   0x080001f9   Thumb Code     0  libinit2.o(.ARM.Collect$$libinit$$0000001B)
    __rt_lib_init_clock_1                    0x080001f9   Thumb Code     0  libinit2.o(.ARM.Collect$$libinit$$00000021)
    __rt_lib_init_cpp_1                      0x080001f9   Thumb Code     0  libinit2.o(.ARM.Collect$$libinit$$00000032)
    __rt_lib_init_exceptions_1               0x080001f9   Thumb Code     0  libinit2.o(.ARM.Collect$$libinit$$00000030)
    __rt_lib_init_fp_trap_1                  0x080001f9   Thumb Code     0  libinit2.o(.ARM.Collect$$libinit$$0000001F)
    __rt_lib_init_getenv_1                   0x080001f9   Thumb Code     0  libinit2.o(.ARM.Collect$$libinit$$00000023)
    __rt_lib_init_lc_ctype_1                 0x080001f9   Thumb Code     0  libinit2.o(.ARM.Collect$$libinit$$00000013)
    __rt_lib_init_lc_monetary_1              0x080001f9   Thumb Code     0  libinit2.o(.ARM.Collect$$libinit$$00000015)
    __rt_lib_init_lc_numeric_1               0x080001f9   Thumb Code     0  libinit2.o(.ARM.Collect$$libinit$$00000017)
    __rt_lib_init_lc_time_1                  0x080001f9   Thumb Code     0  libinit2.o(.ARM.Collect$$libinit$$00000019)
    __rt_lib_init_return                     0x080001f9   Thumb Code     0  libinit2.o(.ARM.Collect$$libinit$$00000033)
    __rt_lib_init_signal_1                   0x080001f9   Thumb Code     0  libinit2.o(.ARM.Collect$$libinit$$0000001D)
    __rt_lib_init_stdio_1                    0x080001f9   Thumb Code     0  libinit2.o(.ARM.Collect$$libinit$$00000025)
    __rt_lib_shutdown                        0x080001fb   Thumb Code     0  libshutdown.o(.ARM.Collect$$libshutdown$$00000000)
    __rt_lib_shutdown_fp_trap_1              0x080001fd   Thumb Code     0  libshutdown2.o(.ARM.Collect$$libshutdown$$00000006)
    __rt_lib_shutdown_heap_1                 0x080001fd   Thumb Code     0  libshutdown2.o(.ARM.Collect$$libshutdown$$0000000E)
    __rt_lib_shutdown_return                 0x080001fd   Thumb Code     0  libshutdown2.o(.ARM.Collect$$libshutdown$$0000000F)
    __rt_lib_shutdown_signal_1               0x080001fd   Thumb Code     0  libshutdown2.o(.ARM.Collect$$libshutdown$$00000009)
    __rt_lib_shutdown_stdio_1                0x080001fd   Thumb Code     0  libshutdown2.o(.ARM.Collect$$libshutdown$$00000003)
    __rt_lib_shutdown_user_alloc_1           0x080001fd   Thumb Code     0  libshutdown2.o(.ARM.Collect$$libshutdown$$0000000B)
    __rt_entry                               0x080001ff   Thumb Code     0  __rtentry.o(.ARM.Collect$$rtentry$$00000000)
    __rt_entry_presh_1                       0x080001ff   Thumb Code     0  __rtentry2.o(.ARM.Collect$$rtentry$$00000002)
    __rt_entry_sh                            0x080001ff   Thumb Code     0  __rtentry4.o(.ARM.Collect$$rtentry$$00000004)
    __rt_entry_li                            0x08000205   Thumb Code     0  __rtentry2.o(.ARM.Collect$$rtentry$$0000000A)
    __rt_entry_postsh_1                      0x08000205   Thumb Code     0  __rtentry2.o(.ARM.Collect$$rtentry$$00000009)
    __rt_entry_main                          0x08000209   Thumb Code     0  __rtentry2.o(.ARM.Collect$$rtentry$$0000000D)
    __rt_entry_postli_1                      0x08000209   Thumb Code     0  __rtentry2.o(.ARM.Collect$$rtentry$$0000000C)
    __rt_exit                                0x08000211   Thumb Code     0  rtexit.o(.ARM.Collect$$rtexit$$00000000)
    __rt_exit_ls                             0x08000213   Thumb Code     0  rtexit2.o(.ARM.Collect$$rtexit$$00000003)
    __rt_exit_prels_1                        0x08000213   Thumb Code     0  rtexit2.o(.ARM.Collect$$rtexit$$00000002)
    __rt_exit_exit                           0x08000217   Thumb Code     0  rtexit2.o(.ARM.Collect$$rtexit$$00000004)
    Reset_Handler                            0x0800021d   Thumb Code     8  startup_stm32f10x_hd.o(.text)
    ADC1_2_IRQHandler                        0x08000237   Thumb Code     0  startup_stm32f10x_hd.o(.text)
    ADC3_IRQHandler                          0x08000237   Thumb Code     0  startup_stm32f10x_hd.o(.text)
    CAN1_RX1_IRQHandler                      0x08000237   Thumb Code     0  startup_stm32f10x_hd.o(.text)
    CAN1_SCE_IRQHandler                      0x08000237   Thumb Code     0  startup_stm32f10x_hd.o(.text)
    DMA1_Channel1_IRQHandler                 0x08000237   Thumb Code     0  startup_stm32f10x_hd.o(.text)
    DMA1_Channel2_IRQHandler                 0x08000237   Thumb Code     0  startup_stm32f10x_hd.o(.text)
    DMA1_Channel3_IRQHandler                 0x08000237   Thumb Code     0  startup_stm32f10x_hd.o(.text)
    DMA1_Channel4_IRQHandler                 0x08000237   Thumb Code     0  startup_stm32f10x_hd.o(.text)
    DMA1_Channel5_IRQHandler                 0x08000237   Thumb Code     0  startup_stm32f10x_hd.o(.text)
    DMA1_Channel6_IRQHandler                 0x08000237   Thumb Code     0  startup_stm32f10x_hd.o(.text)
    DMA1_Channel7_IRQHandler                 0x08000237   Thumb Code     0  startup_stm32f10x_hd.o(.text)
    DMA2_Channel1_IRQHandler                 0x08000237   Thumb Code     0  startup_stm32f10x_hd.o(.text)
    DMA2_Channel2_IRQHandler                 0x08000237   Thumb Code     0  startup_stm32f10x_hd.o(.text)
    DMA2_Channel3_IRQHandler                 0x08000237   Thumb Code     0  startup_stm32f10x_hd.o(.text)
    DMA2_Channel4_5_IRQHandler               0x08000237   Thumb Code     0  startup_stm32f10x_hd.o(.text)
    EXTI2_IRQHandler                         0x08000237   Thumb Code     0  startup_stm32f10x_hd.o(.text)
    EXTI3_IRQHandler                         0x08000237   Thumb Code     0  startup_stm32f10x_hd.o(.text)
    FLASH_IRQHandler                         0x08000237   Thumb Code     0  startup_stm32f10x_hd.o(.text)
    FSMC_IRQHandler                          0x08000237   Thumb Code     0  startup_stm32f10x_hd.o(.text)
    I2C1_ER_IRQHandler                       0x08000237   Thumb Code     0  startup_stm32f10x_hd.o(.text)
    I2C1_EV_IRQHandler                       0x08000237   Thumb Code     0  startup_stm32f10x_hd.o(.text)
    I2C2_ER_IRQHandler                       0x08000237   Thumb Code     0  startup_stm32f10x_hd.o(.text)
    I2C2_EV_IRQHandler                       0x08000237   Thumb Code     0  startup_stm32f10x_hd.o(.text)
    PVD_IRQHandler                           0x08000237   Thumb Code     0  startup_stm32f10x_hd.o(.text)
    RCC_IRQHandler                           0x08000237   Thumb Code     0  startup_stm32f10x_hd.o(.text)
    RTCAlarm_IRQHandler                      0x08000237   Thumb Code     0  startup_stm32f10x_hd.o(.text)
    RTC_IRQHandler                           0x08000237   Thumb Code     0  startup_stm32f10x_hd.o(.text)
    SDIO_IRQHandler                          0x08000237   Thumb Code     0  startup_stm32f10x_hd.o(.text)
    SPI1_IRQHandler                          0x08000237   Thumb Code     0  startup_stm32f10x_hd.o(.text)
    SPI2_IRQHandler                          0x08000237   Thumb Code     0  startup_stm32f10x_hd.o(.text)
    SPI3_IRQHandler                          0x08000237   Thumb Code     0  startup_stm32f10x_hd.o(.text)
    TAMPER_IRQHandler                        0x08000237   Thumb Code     0  startup_stm32f10x_hd.o(.text)
    TIM1_BRK_IRQHandler                      0x08000237   Thumb Code     0  startup_stm32f10x_hd.o(.text)
    TIM1_CC_IRQHandler                       0x08000237   Thumb Code     0  startup_stm32f10x_hd.o(.text)
    TIM1_TRG_COM_IRQHandler                  0x08000237   Thumb Code     0  startup_stm32f10x_hd.o(.text)
    TIM1_UP_IRQHandler                       0x08000237   Thumb Code     0  startup_stm32f10x_hd.o(.text)
    TIM2_IRQHandler                          0x08000237   Thumb Code     0  startup_stm32f10x_hd.o(.text)
    TIM3_IRQHandler                          0x08000237   Thumb Code     0  startup_stm32f10x_hd.o(.text)
    TIM4_IRQHandler                          0x08000237   Thumb Code     0  startup_stm32f10x_hd.o(.text)
    TIM7_IRQHandler                          0x08000237   Thumb Code     0  startup_stm32f10x_hd.o(.text)
    TIM8_BRK_IRQHandler                      0x08000237   Thumb Code     0  startup_stm32f10x_hd.o(.text)
    TIM8_CC_IRQHandler                       0x08000237   Thumb Code     0  startup_stm32f10x_hd.o(.text)
    TIM8_TRG_COM_IRQHandler                  0x08000237   Thumb Code     0  startup_stm32f10x_hd.o(.text)
    TIM8_UP_IRQHandler                       0x08000237   Thumb Code     0  startup_stm32f10x_hd.o(.text)
    UART4_IRQHandler                         0x08000237   Thumb Code     0  startup_stm32f10x_hd.o(.text)
    UART5_IRQHandler                         0x08000237   Thumb Code     0  startup_stm32f10x_hd.o(.text)
    USART1_IRQHandler                        0x08000237   Thumb Code     0  startup_stm32f10x_hd.o(.text)
    USART2_IRQHandler                        0x08000237   Thumb Code     0  startup_stm32f10x_hd.o(.text)
    USBWakeUp_IRQHandler                     0x08000237   Thumb Code     0  startup_stm32f10x_hd.o(.text)
    USB_HP_CAN1_TX_IRQHandler                0x08000237   Thumb Code     0  startup_stm32f10x_hd.o(.text)
    USB_LP_CAN1_RX0_IRQHandler               0x08000237   Thumb Code     0  startup_stm32f10x_hd.o(.text)
    WWDG_IRQHandler                          0x08000237   Thumb Code     0  startup_stm32f10x_hd.o(.text)
    __user_initial_stackheap                 0x08000239   Thumb Code     0  startup_stm32f10x_hd.o(.text)
    atoi                                     0x0800025d   Thumb Code    26  atoi.o(.text)
    __use_two_region_memory                  0x08000277   Thumb Code     2  heapauxi.o(.text)
    __rt_heap_escrow$2region                 0x08000279   Thumb Code     2  heapauxi.o(.text)
    __rt_heap_expand$2region                 0x0800027b   Thumb Code     2  heapauxi.o(.text)
    __aeabi_errno_addr                       0x0800027d   Thumb Code     8  rt_errno_addr_intlibspace.o(.text)
    __errno$intlibspace                      0x0800027d   Thumb Code     0  rt_errno_addr_intlibspace.o(.text)
    __rt_errno_addr$intlibspace              0x0800027d   Thumb Code     0  rt_errno_addr_intlibspace.o(.text)
    strtol                                   0x08000285   Thumb Code   112  strtol.o(.text)
    __user_libspace                          0x080002f5   Thumb Code     8  libspace.o(.text)
    __user_perproc_libspace                  0x080002f5   Thumb Code     0  libspace.o(.text)
    __user_perthread_libspace                0x080002f5   Thumb Code     0  libspace.o(.text)
    __rt_ctype_table                         0x080002fd   Thumb Code    16  rt_ctype_table.o(.text)
    _strtoul                                 0x0800030d   Thumb Code   158  _strtoul.o(.text)
    __user_setup_stackheap                   0x080003ab   Thumb Code    74  sys_stackheap_outer.o(.text)
    __rt_locale                              0x080003f5   Thumb Code     8  rt_locale_intlibspace.o(.text)
    _chval                                   0x080003fd   Thumb Code    28  _chval.o(.text)
    exit                                     0x08000419   Thumb Code    12  exit.o(.text)
    strcmp                                   0x08000425   Thumb Code   128  strcmpv7m.o(.text)
    _sys_exit                                0x080004a5   Thumb Code     8  sys_exit.o(.text)
    __I$use$semihosting                      0x080004b1   Thumb Code     0  use_no_semi.o(.text)
    __use_no_semihosting_swi                 0x080004b1   Thumb Code     2  use_no_semi.o(.text)
    ADC_Cmd                                  0x080004b3   Thumb Code    22  stm32f10x_adc.o(i.ADC_Cmd)
    __semihosting_library_function           0x080004b3   Thumb Code     0  indicate_semi.o(.text)
    ADC_DeInit                               0x080004c9   Thumb Code    78  stm32f10x_adc.o(i.ADC_DeInit)
    ADC_GetCalibrationStatus                 0x08000525   Thumb Code    20  stm32f10x_adc.o(i.ADC_GetCalibrationStatus)
    ADC_GetConversionValue                   0x08000539   Thumb Code     8  stm32f10x_adc.o(i.ADC_GetConversionValue)
    ADC_GetFlagStatus                        0x08000541   Thumb Code    18  stm32f10x_adc.o(i.ADC_GetFlagStatus)
    ADC_GetResetCalibrationStatus            0x08000553   Thumb Code    20  stm32f10x_adc.o(i.ADC_GetResetCalibrationStatus)
    ADC_Init                                 0x08000569   Thumb Code    70  stm32f10x_adc.o(i.ADC_Init)
    ADC_RegularChannelConfig                 0x080005b9   Thumb Code   184  stm32f10x_adc.o(i.ADC_RegularChannelConfig)
    ADC_ResetCalibration                     0x08000671   Thumb Code    10  stm32f10x_adc.o(i.ADC_ResetCalibration)
    ADC_SoftwareStartConvCmd                 0x0800067b   Thumb Code    22  stm32f10x_adc.o(i.ADC_SoftwareStartConvCmd)
    ADC_StartCalibration                     0x08000691   Thumb Code    10  stm32f10x_adc.o(i.ADC_StartCalibration)
    Adc_Init                                 0x0800069d   Thumb Code   142  adc.o(i.Adc_Init)
    AnglePID                                 0x08000735   Thumb Code   134  control.o(i.AnglePID)
    BusFault_Handler                         0x080007d5   Thumb Code     4  stm32f10x_it.o(i.BusFault_Handler)
    DebugMon_Handler                         0x080007d9   Thumb Code     2  stm32f10x_it.o(i.DebugMon_Handler)
    ENC_Init                                 0x080007dd   Thumb Code   198  encoder.o(i.ENC_Init)
    EXTI0_IRQHandler                         0x080008ad   Thumb Code   128  exti.o(i.EXTI0_IRQHandler)
    EXTI15_10_IRQHandler                     0x08000951   Thumb Code   168  exti.o(i.EXTI15_10_IRQHandler)
    EXTI1_IRQHandler                         0x08000a15   Thumb Code   126  exti.o(i.EXTI1_IRQHandler)
    EXTI4_IRQHandler                         0x08000acd   Thumb Code   128  exti.o(i.EXTI4_IRQHandler)
    EXTI9_5_IRQHandler                       0x08000b71   Thumb Code    86  exti.o(i.EXTI9_5_IRQHandler)
    EXTIX_Init                               0x08000be1   Thumb Code   386  exti.o(i.EXTIX_Init)
    EXTI_ClearITPendingBit                   0x08000d65   Thumb Code     6  stm32f10x_exti.o(i.EXTI_ClearITPendingBit)
    EXTI_GetITStatus                         0x08000d71   Thumb Code    34  stm32f10x_exti.o(i.EXTI_GetITStatus)
    EXTI_Init                                0x08000d99   Thumb Code   142  stm32f10x_exti.o(i.EXTI_Init)
    FLASH_ErasePage                          0x08000e2d   Thumb Code    72  stm32f10x_flash.o(i.FLASH_ErasePage)
    FLASH_GetBank1Status                     0x08000e79   Thumb Code    48  stm32f10x_flash.o(i.FLASH_GetBank1Status)
    FLASH_Lock                               0x08000ead   Thumb Code    14  stm32f10x_flash.o(i.FLASH_Lock)
    FLASH_ProgramHalfWord                    0x08000ec1   Thumb Code    60  stm32f10x_flash.o(i.FLASH_ProgramHalfWord)
    FLASH_Unlock                             0x08000f01   Thumb Code    12  stm32f10x_flash.o(i.FLASH_Unlock)
    FLASH_WaitForLastOperation               0x08000f19   Thumb Code    38  stm32f10x_flash.o(i.FLASH_WaitForLastOperation)
    GPIO_EXTILineConfig                      0x08000f41   Thumb Code    60  stm32f10x_gpio.o(i.GPIO_EXTILineConfig)
    GPIO_Init                                0x08000f81   Thumb Code   278  stm32f10x_gpio.o(i.GPIO_Init)
    GPIO_PinRemapConfig                      0x08001099   Thumb Code   138  stm32f10x_gpio.o(i.GPIO_PinRemapConfig)
    GPIO_SetBits                             0x08001129   Thumb Code     4  stm32f10x_gpio.o(i.GPIO_SetBits)
    GPIO_StructInit                          0x0800112d   Thumb Code    16  stm32f10x_gpio.o(i.GPIO_StructInit)
    Get_Adc                                  0x0800113d   Thumb Code    46  adc.o(i.Get_Adc)
    Get_Adc_Average                          0x08001171   Thumb Code    46  adc.o(i.Get_Adc_Average)
    HardFault_Handler                        0x0800119f   Thumb Code     4  stm32f10x_it.o(i.HardFault_Handler)
    I2C_Configuration                        0x080011a5   Thumb Code    50  oled_i2c.o(i.I2C_Configuration)
    IIC_Start                                0x080011dd   Thumb Code    40  oled_i2c.o(i.IIC_Start)
    IIC_Stop                                 0x0800120d   Thumb Code    38  oled_i2c.o(i.IIC_Stop)
    IIC_WriteByte                            0x0800123d   Thumb Code   112  oled_i2c.o(i.IIC_WriteByte)
    LED_Init                                 0x080012b5   Thumb Code    46  led.o(i.LED_Init)
    MENU                                     0x080012e9   Thumb Code   292  main.o(i.MENU)
    MOTO_init                                0x08001441   Thumb Code    88  motor.o(i.MOTO_init)
    MemManage_Handler                        0x080014a9   Thumb Code     4  stm32f10x_it.o(i.MemManage_Handler)
    NMI_Handler                              0x080014ad   Thumb Code     2  stm32f10x_it.o(i.NMI_Handler)
    NVIC_Init                                0x080014b1   Thumb Code   100  misc.o(i.NVIC_Init)
    NVIC_PriorityGroupConfig                 0x08001521   Thumb Code    10  misc.o(i.NVIC_PriorityGroupConfig)
    OLED_Fill                                0x08001535   Thumb Code    58  oled_i2c.o(i.OLED_Fill)
    OLED_Init                                0x0800156f   Thumb Code   178  oled_i2c.o(i.OLED_Init)
    OLED_SetPos                              0x08001621   Thumb Code    40  oled_i2c.o(i.OLED_SetPos)
    OLED_ShowCN                              0x08001649   Thumb Code    80  oled_i2c.o(i.OLED_ShowCN)
    OLED_ShowNum                             0x0800169d   Thumb Code   158  oled_i2c.o(i.OLED_ShowNum)
    OLED_ShowOneNum                          0x0800173d   Thumb Code   182  oled_i2c.o(i.OLED_ShowOneNum)
    OLED_ShowStr                             0x080017fd   Thumb Code   228  oled_i2c.o(i.OLED_ShowStr)
    PendSV_Handler                           0x080018e9   Thumb Code     2  stm32f10x_it.o(i.PendSV_Handler)
    RCC_ADCCLKConfig                         0x080018ed   Thumb Code    18  stm32f10x_rcc.o(i.RCC_ADCCLKConfig)
    RCC_APB1PeriphClockCmd                   0x08001905   Thumb Code    26  stm32f10x_rcc.o(i.RCC_APB1PeriphClockCmd)
    RCC_APB1PeriphResetCmd                   0x08001925   Thumb Code    26  stm32f10x_rcc.o(i.RCC_APB1PeriphResetCmd)
    RCC_APB2PeriphClockCmd                   0x08001945   Thumb Code    26  stm32f10x_rcc.o(i.RCC_APB2PeriphClockCmd)
    RCC_APB2PeriphResetCmd                   0x08001965   Thumb Code    26  stm32f10x_rcc.o(i.RCC_APB2PeriphResetCmd)
    RCC_GetClocksFreq                        0x08001985   Thumb Code   192  stm32f10x_rcc.o(i.RCC_GetClocksFreq)
    Read_Data                                0x08001a59   Thumb Code    32  stmflash.o(i.Read_Data)
    STMFLASH_Read                            0x08001a8d   Thumb Code    34  stmflash.o(i.STMFLASH_Read)
    STMFLASH_ReadHalfWord                    0x08001aaf   Thumb Code     6  stmflash.o(i.STMFLASH_ReadHalfWord)
    STMFLASH_Write                           0x08001ab5   Thumb Code   222  stmflash.o(i.STMFLASH_Write)
    STMFLASH_Write_NoCheck                   0x08001b9d   Thumb Code    38  stmflash.o(i.STMFLASH_Write_NoCheck)
    SVC_Handler                              0x08001bc3   Thumb Code     2  stm32f10x_it.o(i.SVC_Handler)
    SpeedPID                                 0x08001cad   Thumb Code   170  control.o(i.SpeedPID)
    SysTick_CLKSourceConfig                  0x08001d75   Thumb Code    40  misc.o(i.SysTick_CLKSourceConfig)
    SysTick_Handler                          0x08001d9d   Thumb Code     2  stm32f10x_it.o(i.SysTick_Handler)
    SystemInit                               0x08001da1   Thumb Code    78  system_stm32f10x.o(i.SystemInit)
    TIM5_IRQHandler                          0x08002041   Thumb Code    38  control.o(i.TIM5_IRQHandler)
    TIM5_init                                0x08002071   Thumb Code    86  tim2.o(i.TIM5_init)
    TIM6_IRQHandler                          0x080020cd   Thumb Code   150  control.o(i.TIM6_IRQHandler)
    TIM6_init                                0x0800218d   Thumb Code    86  tim2.o(i.TIM6_init)
    TIM_ARRPreloadConfig                     0x080021e9   Thumb Code    24  stm32f10x_tim.o(i.TIM_ARRPreloadConfig)
    TIM_ClearFlag                            0x08002201   Thumb Code     6  stm32f10x_tim.o(i.TIM_ClearFlag)
    TIM_Cmd                                  0x08002207   Thumb Code    24  stm32f10x_tim.o(i.TIM_Cmd)
    TIM_DeInit                               0x08002221   Thumb Code   424  stm32f10x_tim.o(i.TIM_DeInit)
    TIM_EncoderInterfaceConfig               0x08002409   Thumb Code    66  stm32f10x_tim.o(i.TIM_EncoderInterfaceConfig)
    TIM_ICInit                               0x0800244d   Thumb Code   150  stm32f10x_tim.o(i.TIM_ICInit)
    TIM_ICStructInit                         0x080024f9   Thumb Code    18  stm32f10x_tim.o(i.TIM_ICStructInit)
    TIM_ITConfig                             0x0800250b   Thumb Code    18  stm32f10x_tim.o(i.TIM_ITConfig)
    TIM_OC1PreloadConfig                     0x0800251d   Thumb Code    18  stm32f10x_tim.o(i.TIM_OC1PreloadConfig)
    TIM_OC4Init                              0x08002531   Thumb Code   114  stm32f10x_tim.o(i.TIM_OC4Init)
    TIM_PWM_Init                             0x080025ad   Thumb Code   138  pwm.o(i.TIM_PWM_Init)
    TIM_SetIC1Prescaler                      0x0800263d   Thumb Code    18  stm32f10x_tim.o(i.TIM_SetIC1Prescaler)
    TIM_SetIC2Prescaler                      0x0800264f   Thumb Code    26  stm32f10x_tim.o(i.TIM_SetIC2Prescaler)
    TIM_SetIC3Prescaler                      0x08002669   Thumb Code    18  stm32f10x_tim.o(i.TIM_SetIC3Prescaler)
    TIM_SetIC4Prescaler                      0x0800267b   Thumb Code    26  stm32f10x_tim.o(i.TIM_SetIC4Prescaler)
    TIM_TimeBaseInit                         0x08002695   Thumb Code   122  stm32f10x_tim.o(i.TIM_TimeBaseInit)
    TIM_TimeBaseStructInit                   0x08002739   Thumb Code    18  stm32f10x_tim.o(i.TIM_TimeBaseStructInit)
    UI_1                                     0x0800274d   Thumb Code   104  oled_i2c.o(i.UI_1)
    UI_2                                     0x080027f1   Thumb Code    92  oled_i2c.o(i.UI_2)
    UI_R                                     0x08002885   Thumb Code    56  oled_i2c.o(i.UI_R)
    UI_TILTLE                                0x080028bd   Thumb Code    80  oled_i2c.o(i.UI_TILTLE)
    USART3_IRQHandler                        0x0800290d   Thumb Code    64  usart.o(i.USART3_IRQHandler)
    USART_Cmd                                0x0800295d   Thumb Code    24  stm32f10x_usart.o(i.USART_Cmd)
    USART_GetITStatus                        0x08002975   Thumb Code    84  stm32f10x_usart.o(i.USART_GetITStatus)
    USART_ITConfig                           0x080029c9   Thumb Code    74  stm32f10x_usart.o(i.USART_ITConfig)
    USART_Init                               0x08002a15   Thumb Code   210  stm32f10x_usart.o(i.USART_Init)
    USART_ReceiveData                        0x08002aed   Thumb Code    10  stm32f10x_usart.o(i.USART_ReceiveData)
    USART_SendData                           0x08002af7   Thumb Code     8  stm32f10x_usart.o(i.USART_SendData)
    UsageFault_Handler                       0x08002aff   Thumb Code     4  stm32f10x_it.o(i.UsageFault_Handler)
    WriteCmd                                 0x08002b03   Thumb Code    32  oled_i2c.o(i.WriteCmd)
    WriteDat                                 0x08002b23   Thumb Code    32  oled_i2c.o(i.WriteDat)
    Write_HByte                              0x08002b43   Thumb Code    34  stmflash.o(i.Write_HByte)
    delay_init                               0x08002b65   Thumb Code    50  delay.o(i.delay_init)
    delay_ms                                 0x08002ba9   Thumb Code    72  delay.o(i.delay_ms)
    delay_us                                 0x08002bf5   Thumb Code    72  delay.o(i.delay_us)
    exti_io_init                             0x08002c41   Thumb Code    42  exti.o(i.exti_io_init)
    function                                 0x08002c75   Thumb Code   344  motor.o(i.function)
    main                                     0x08002e1d   Thumb Code   158  main.o(i.main)
    pid                                      0x08002ed1   Thumb Code   342  control.o(i.pid)
    protocol                                 0x08003079   Thumb Code   156  usart.o(i.protocol)
    setmoto                                  0x08003139   Thumb Code    58  motor.o(i.setmoto)
    uart3_init                               0x08003181   Thumb Code   158  usart.o(i.uart3_init)
    _get_lc_ctype                            0x08003229   Thumb Code    44  lc_ctype_c.o(locale$$code)
    __aeabi_fadd                             0x08003255   Thumb Code     0  faddsub_clz.o(x$fpl$fadd)
    _fadd                                    0x08003255   Thumb Code   196  faddsub_clz.o(x$fpl$fadd)
    __aeabi_f2iz                             0x08003319   Thumb Code     0  ffix.o(x$fpl$ffix)
    _ffix                                    0x08003319   Thumb Code    54  ffix.o(x$fpl$ffix)
    __aeabi_i2f                              0x08003351   Thumb Code     0  fflt_clz.o(x$fpl$fflt)
    _fflt                                    0x08003351   Thumb Code    48  fflt_clz.o(x$fpl$fflt)
    __aeabi_fmul                             0x08003381   Thumb Code     0  fmul.o(x$fpl$fmul)
    _fmul                                    0x08003381   Thumb Code   258  fmul.o(x$fpl$fmul)
    __fpl_fnaninf                            0x08003483   Thumb Code   140  fnaninf.o(x$fpl$fnaninf)
    __fpl_fretinf                            0x0800350f   Thumb Code    10  fretinf.o(x$fpl$fretinf)
    __aeabi_fsub                             0x08003519   Thumb Code     0  faddsub_clz.o(x$fpl$fsub)
    _fsub                                    0x08003519   Thumb Code   234  faddsub_clz.o(x$fpl$fsub)
    F6x8                                     0x08003602   Data         558  oled_i2c.o(.constdata)
    __I$use$fp                               0x08003602   Number         0  usenofp.o(x$fpl$usenofp)
    F8X16                                    0x08003830   Data        1568  oled_i2c.o(.constdata)
    Region$$Table$$Base                      0x08003e50   Number         0  anon$$obj.o(Region$$Table)
    Region$$Table$$Limit                     0x08003e70   Number         0  anon$$obj.o(Region$$Table)
    __ctype                                  0x08003e7d   Data           0  lc_ctype_c.o(locale$$data)
    target                                   0x20000000   Data           4  main.o(.data)
    kpa                                      0x20000004   Data           2  main.o(.data)
    kia                                      0x20000006   Data           2  main.o(.data)
    kda                                      0x20000008   Data           2  main.o(.data)
    kpv                                      0x2000000a   Data           2  main.o(.data)
    kdv                                      0x2000000c   Data           2  main.o(.data)
    op1                                      0x20000010   Data           4  main.o(.data)
    op2                                      0x20000014   Data           4  main.o(.data)
    t1                                       0x20000018   Data           4  main.o(.data)
    t2                                       0x2000001c   Data           4  main.o(.data)
    page                                     0x20000020   Data           1  main.o(.data)
    SystemCoreClock                          0x20000024   Data           4  system_stm32f10x.o(.data)
    AHBPrescTable                            0x20000028   Data          16  system_stm32f10x.o(.data)
    angle0                                   0x20000038   Data           2  control.o(.data)
    angle1                                   0x2000003a   Data           2  control.o(.data)
    all_pwm                                  0x2000003c   Data           4  control.o(.data)
    target_a                                 0x20000040   Data           4  control.o(.data)
    pos0                                     0x20000044   Data           4  control.o(.data)
    pos1                                     0x20000048   Data           4  control.o(.data)
    speed                                    0x2000004c   Data           4  control.o(.data)
    pos_pwm                                  0x20000050   Data           4  control.o(.data)
    pos_angle                                0x20000054   Data           4  control.o(.data)
    ap_error                                 0x20000058   Data           4  control.o(.data)
    ad_error                                 0x2000005c   Data           4  control.o(.data)
    ai_error                                 0x20000060   Data           4  control.o(.data)
    nu                                       0x20000064   Data           4  control.o(.data)
    func2                                    0x20000068   Data           1  control.o(.data)
    Angle                                    0x2000006a   Data           2  control.o(.data)
    AP                                       0x2000006c   Data           4  control.o(.data)
    AD                                       0x20000070   Data           4  control.o(.data)
    Perror                                   0x20000074   Data           4  control.o(.data)
    SP                                       0x20000078   Data           4  control.o(.data)
    SI                                       0x2000007c   Data           4  control.o(.data)
    Speed_Integral                           0x20000080   Data           4  control.o(.data)
    SpeedTarget                              0x20000084   Data           2  control.o(.data)
    count0                                   0x20000086   Data           2  control.o(.data)
    Speed                                    0x20000088   Data           2  control.o(.data)
    local_pos                                0x20000098   Data           4  motor.o(.data)
    F16x16                                   0x2000009c   Data         286  oled_i2c.o(.data)
    mark                                     0x200001ba   Data           1  exti.o(.data)
    mark0                                    0x200001bb   Data           1  exti.o(.data)
    func                                     0x200001bc   Data           1  exti.o(.data)
    WriteOk                                  0x200001bd   Data           1  exti.o(.data)
    rx_num                                   0x200001c2   Data           2  usart.o(.data)
    rxflag                                   0x200001c4   Data           1  usart.o(.data)
    STMFLASH_BUF                             0x200001dc   Data        2048  stmflash.o(.bss)
    redif                                    0x200009dc   Data          12  exti.o(.bss)
    USART_RX_BUF                             0x200009e8   Data          20  usart.o(.bss)
    __libspace_start                         0x200009fc   Data          96  libspace.o(.bss)
    __temporary_stack_top$libspace           0x20000a5c   Data           0  libspace.o(.bss)



==============================================================================

Memory Map of the image

  Image Entry point : 0x08000131

  Load Region LR_IROM1 (Base: 0x08000000, Size: 0x0000415c, Max: 0x00040000, ABSOLUTE, COMPRESSED[0x0000409c])

    Execution Region ER_IROM1 (Base: 0x08000000, Size: 0x00003f80, Max: 0x00040000, ABSOLUTE)

    Base Addr    Size         Type   Attr      Idx    E Section Name        Object

    0x08000000   0x00000130   Data   RO          831    RESET               startup_stm32f10x_hd.o
    0x08000130   0x00000008   Code   RO         2576  * !!!main             c_w.l(__main.o)
    0x08000138   0x00000034   Code   RO         2780    !!!scatter          c_w.l(__scatter.o)
    0x0800016c   0x0000005a   Code   RO         2778    !!dczerorl2         c_w.l(__dczerorl2.o)
    0x080001c6   0x00000002   PAD
    0x080001c8   0x0000001c   Code   RO         2782    !!handler_zi        c_w.l(__scatter_zi.o)
    0x080001e4   0x00000002   Code   RO         2650    .ARM.Collect$$libinit$$00000000  c_w.l(libinit.o)
    0x080001e6   0x00000000   Code   RO         2656    .ARM.Collect$$libinit$$00000002  c_w.l(libinit2.o)
    0x080001e6   0x00000000   Code   RO         2658    .ARM.Collect$$libinit$$00000004  c_w.l(libinit2.o)
    0x080001e6   0x00000000   Code   RO         2661    .ARM.Collect$$libinit$$0000000A  c_w.l(libinit2.o)
    0x080001e6   0x00000000   Code   RO         2663    .ARM.Collect$$libinit$$0000000C  c_w.l(libinit2.o)
    0x080001e6   0x00000000   Code   RO         2665    .ARM.Collect$$libinit$$0000000E  c_w.l(libinit2.o)
    0x080001e6   0x00000006   Code   RO         2666    .ARM.Collect$$libinit$$0000000F  c_w.l(libinit2.o)
    0x080001ec   0x00000000   Code   RO         2668    .ARM.Collect$$libinit$$00000011  c_w.l(libinit2.o)
    0x080001ec   0x0000000c   Code   RO         2669    .ARM.Collect$$libinit$$00000012  c_w.l(libinit2.o)
    0x080001f8   0x00000000   Code   RO         2670    .ARM.Collect$$libinit$$00000013  c_w.l(libinit2.o)
    0x080001f8   0x00000000   Code   RO         2672    .ARM.Collect$$libinit$$00000015  c_w.l(libinit2.o)
    0x080001f8   0x00000000   Code   RO         2674    .ARM.Collect$$libinit$$00000017  c_w.l(libinit2.o)
    0x080001f8   0x00000000   Code   RO         2676    .ARM.Collect$$libinit$$00000019  c_w.l(libinit2.o)
    0x080001f8   0x00000000   Code   RO         2678    .ARM.Collect$$libinit$$0000001B  c_w.l(libinit2.o)
    0x080001f8   0x00000000   Code   RO         2680    .ARM.Collect$$libinit$$0000001D  c_w.l(libinit2.o)
    0x080001f8   0x00000000   Code   RO         2682    .ARM.Collect$$libinit$$0000001F  c_w.l(libinit2.o)
    0x080001f8   0x00000000   Code   RO         2684    .ARM.Collect$$libinit$$00000021  c_w.l(libinit2.o)
    0x080001f8   0x00000000   Code   RO         2686    .ARM.Collect$$libinit$$00000023  c_w.l(libinit2.o)
    0x080001f8   0x00000000   Code   RO         2688    .ARM.Collect$$libinit$$00000025  c_w.l(libinit2.o)
    0x080001f8   0x00000000   Code   RO         2692    .ARM.Collect$$libinit$$0000002C  c_w.l(libinit2.o)
    0x080001f8   0x00000000   Code   RO         2694    .ARM.Collect$$libinit$$0000002E  c_w.l(libinit2.o)
    0x080001f8   0x00000000   Code   RO         2696    .ARM.Collect$$libinit$$00000030  c_w.l(libinit2.o)
    0x080001f8   0x00000000   Code   RO         2698    .ARM.Collect$$libinit$$00000032  c_w.l(libinit2.o)
    0x080001f8   0x00000002   Code   RO         2699    .ARM.Collect$$libinit$$00000033  c_w.l(libinit2.o)
    0x080001fa   0x00000002   Code   RO         2719    .ARM.Collect$$libshutdown$$00000000  c_w.l(libshutdown.o)
    0x080001fc   0x00000000   Code   RO         2733    .ARM.Collect$$libshutdown$$00000003  c_w.l(libshutdown2.o)
    0x080001fc   0x00000000   Code   RO         2736    .ARM.Collect$$libshutdown$$00000006  c_w.l(libshutdown2.o)
    0x080001fc   0x00000000   Code   RO         2739    .ARM.Collect$$libshutdown$$00000009  c_w.l(libshutdown2.o)
    0x080001fc   0x00000000   Code   RO         2741    .ARM.Collect$$libshutdown$$0000000B  c_w.l(libshutdown2.o)
    0x080001fc   0x00000000   Code   RO         2744    .ARM.Collect$$libshutdown$$0000000E  c_w.l(libshutdown2.o)
    0x080001fc   0x00000002   Code   RO         2745    .ARM.Collect$$libshutdown$$0000000F  c_w.l(libshutdown2.o)
    0x080001fe   0x00000000   Code   RO         2596    .ARM.Collect$$rtentry$$00000000  c_w.l(__rtentry.o)
    0x080001fe   0x00000000   Code   RO         2613    .ARM.Collect$$rtentry$$00000002  c_w.l(__rtentry2.o)
    0x080001fe   0x00000006   Code   RO         2625    .ARM.Collect$$rtentry$$00000004  c_w.l(__rtentry4.o)
    0x08000204   0x00000000   Code   RO         2615    .ARM.Collect$$rtentry$$00000009  c_w.l(__rtentry2.o)
    0x08000204   0x00000004   Code   RO         2616    .ARM.Collect$$rtentry$$0000000A  c_w.l(__rtentry2.o)
    0x08000208   0x00000000   Code   RO         2618    .ARM.Collect$$rtentry$$0000000C  c_w.l(__rtentry2.o)
    0x08000208   0x00000008   Code   RO         2619    .ARM.Collect$$rtentry$$0000000D  c_w.l(__rtentry2.o)
    0x08000210   0x00000002   Code   RO         2651    .ARM.Collect$$rtexit$$00000000  c_w.l(rtexit.o)
    0x08000212   0x00000000   Code   RO         2701    .ARM.Collect$$rtexit$$00000002  c_w.l(rtexit2.o)
    0x08000212   0x00000004   Code   RO         2702    .ARM.Collect$$rtexit$$00000003  c_w.l(rtexit2.o)
    0x08000216   0x00000006   Code   RO         2703    .ARM.Collect$$rtexit$$00000004  c_w.l(rtexit2.o)
    0x0800021c   0x00000040   Code   RO          832    .text               startup_stm32f10x_hd.o
    0x0800025c   0x0000001a   Code   RO         2570    .text               c_w.l(atoi.o)
    0x08000276   0x00000006   Code   RO         2574    .text               c_w.l(heapauxi.o)
    0x0800027c   0x00000008   Code   RO         2600    .text               c_w.l(rt_errno_addr_intlibspace.o)
    0x08000284   0x00000070   Code   RO         2602    .text               c_w.l(strtol.o)
    0x080002f4   0x00000008   Code   RO         2609    .text               c_w.l(libspace.o)
    0x080002fc   0x00000010   Code   RO         2627    .text               c_w.l(rt_ctype_table.o)
    0x0800030c   0x0000009e   Code   RO         2629    .text               c_w.l(_strtoul.o)
    0x080003aa   0x0000004a   Code   RO         2631    .text               c_w.l(sys_stackheap_outer.o)
    0x080003f4   0x00000008   Code   RO         2636    .text               c_w.l(rt_locale_intlibspace.o)
    0x080003fc   0x0000001c   Code   RO         2638    .text               c_w.l(_chval.o)
    0x08000418   0x0000000c   Code   RO         2643    .text               c_w.l(exit.o)
    0x08000424   0x00000080   Code   RO         2653    .text               c_w.l(strcmpv7m.o)
    0x080004a4   0x0000000c   Code   RO         2711    .text               c_w.l(sys_exit.o)
    0x080004b0   0x00000002   Code   RO         2722    .text               c_w.l(use_no_semi.o)
    0x080004b2   0x00000000   Code   RO         2724    .text               c_w.l(indicate_semi.o)
    0x080004b2   0x00000016   Code   RO          878    i.ADC_Cmd           stm32f10x_adc.o
    0x080004c8   0x0000005c   Code   RO          880    i.ADC_DeInit        stm32f10x_adc.o
    0x08000524   0x00000014   Code   RO          886    i.ADC_GetCalibrationStatus  stm32f10x_adc.o
    0x08000538   0x00000008   Code   RO          887    i.ADC_GetConversionValue  stm32f10x_adc.o
    0x08000540   0x00000012   Code   RO          889    i.ADC_GetFlagStatus  stm32f10x_adc.o
    0x08000552   0x00000014   Code   RO          892    i.ADC_GetResetCalibrationStatus  stm32f10x_adc.o
    0x08000566   0x00000002   PAD
    0x08000568   0x00000050   Code   RO          896    i.ADC_Init          stm32f10x_adc.o
    0x080005b8   0x000000b8   Code   RO          900    i.ADC_RegularChannelConfig  stm32f10x_adc.o
    0x08000670   0x0000000a   Code   RO          901    i.ADC_ResetCalibration  stm32f10x_adc.o
    0x0800067a   0x00000016   Code   RO          903    i.ADC_SoftwareStartConvCmd  stm32f10x_adc.o
    0x08000690   0x0000000a   Code   RO          905    i.ADC_StartCalibration  stm32f10x_adc.o
    0x0800069a   0x00000002   PAD
    0x0800069c   0x00000098   Code   RO          308    i.Adc_Init          adc.o
    0x08000734   0x000000a0   Code   RO          348    i.AnglePID          control.o
    0x080007d4   0x00000004   Code   RO          161    i.BusFault_Handler  stm32f10x_it.o
    0x080007d8   0x00000002   Code   RO          162    i.DebugMon_Handler  stm32f10x_it.o
    0x080007da   0x00000002   PAD
    0x080007dc   0x000000d0   Code   RO          332    i.ENC_Init          encoder.o
    0x080008ac   0x000000a4   Code   RO          605    i.EXTI0_IRQHandler  exti.o
    0x08000950   0x000000c4   Code   RO          606    i.EXTI15_10_IRQHandler  exti.o
    0x08000a14   0x000000b8   Code   RO          607    i.EXTI1_IRQHandler  exti.o
    0x08000acc   0x000000a4   Code   RO          608    i.EXTI4_IRQHandler  exti.o
    0x08000b70   0x00000070   Code   RO          609    i.EXTI9_5_IRQHandler  exti.o
    0x08000be0   0x00000182   Code   RO          610    i.EXTIX_Init        exti.o
    0x08000d62   0x00000002   PAD
    0x08000d64   0x0000000c   Code   RO         1095    i.EXTI_ClearITPendingBit  stm32f10x_exti.o
    0x08000d70   0x00000028   Code   RO         1099    i.EXTI_GetITStatus  stm32f10x_exti.o
    0x08000d98   0x00000094   Code   RO         1100    i.EXTI_Init         stm32f10x_exti.o
    0x08000e2c   0x0000004c   Code   RO         2399    i.FLASH_ErasePage   stm32f10x_flash.o
    0x08000e78   0x00000034   Code   RO         2400    i.FLASH_GetBank1Status  stm32f10x_flash.o
    0x08000eac   0x00000014   Code   RO         2409    i.FLASH_Lock        stm32f10x_flash.o
    0x08000ec0   0x00000040   Code   RO         2412    i.FLASH_ProgramHalfWord  stm32f10x_flash.o
    0x08000f00   0x00000018   Code   RO         2417    i.FLASH_Unlock      stm32f10x_flash.o
    0x08000f18   0x00000026   Code   RO         2421    i.FLASH_WaitForLastOperation  stm32f10x_flash.o
    0x08000f3e   0x00000002   PAD
    0x08000f40   0x00000040   Code   RO         1151    i.GPIO_EXTILineConfig  stm32f10x_gpio.o
    0x08000f80   0x00000116   Code   RO         1154    i.GPIO_Init         stm32f10x_gpio.o
    0x08001096   0x00000002   PAD
    0x08001098   0x00000090   Code   RO         1156    i.GPIO_PinRemapConfig  stm32f10x_gpio.o
    0x08001128   0x00000004   Code   RO         1162    i.GPIO_SetBits      stm32f10x_gpio.o
    0x0800112c   0x00000010   Code   RO         1163    i.GPIO_StructInit   stm32f10x_gpio.o
    0x0800113c   0x00000034   Code   RO          309    i.Get_Adc           adc.o
    0x08001170   0x0000002e   Code   RO          310    i.Get_Adc_Average   adc.o
    0x0800119e   0x00000004   Code   RO          163    i.HardFault_Handler  stm32f10x_it.o
    0x080011a2   0x00000002   PAD
    0x080011a4   0x00000038   Code   RO          474    i.I2C_Configuration  oled_i2c.o
    0x080011dc   0x00000030   Code   RO          475    i.IIC_Start         oled_i2c.o
    0x0800120c   0x00000030   Code   RO          476    i.IIC_Stop          oled_i2c.o
    0x0800123c   0x00000078   Code   RO          477    i.IIC_WriteByte     oled_i2c.o
    0x080012b4   0x00000034   Code   RO          284    i.LED_Init          led.o
    0x080012e8   0x00000158   Code   RO            1    i.MENU              main.o
    0x08001440   0x00000068   Code   RO          391    i.MOTO_init         motor.o
    0x080014a8   0x00000004   Code   RO          164    i.MemManage_Handler  stm32f10x_it.o
    0x080014ac   0x00000002   Code   RO          165    i.NMI_Handler       stm32f10x_it.o
    0x080014ae   0x00000002   PAD
    0x080014b0   0x00000070   Code   RO          836    i.NVIC_Init         misc.o
    0x08001520   0x00000014   Code   RO          837    i.NVIC_PriorityGroupConfig  misc.o
    0x08001534   0x0000003a   Code   RO          479    i.OLED_Fill         oled_i2c.o
    0x0800156e   0x000000b2   Code   RO          480    i.OLED_Init         oled_i2c.o
    0x08001620   0x00000028   Code   RO          483    i.OLED_SetPos       oled_i2c.o
    0x08001648   0x00000054   Code   RO          484    i.OLED_ShowCN       oled_i2c.o
    0x0800169c   0x0000009e   Code   RO          485    i.OLED_ShowNum      oled_i2c.o
    0x0800173a   0x00000002   PAD
    0x0800173c   0x000000c0   Code   RO          486    i.OLED_ShowOneNum   oled_i2c.o
    0x080017fc   0x000000ec   Code   RO          487    i.OLED_ShowStr      oled_i2c.o
    0x080018e8   0x00000002   Code   RO          166    i.PendSV_Handler    stm32f10x_it.o
    0x080018ea   0x00000002   PAD
    0x080018ec   0x00000018   Code   RO         1262    i.RCC_ADCCLKConfig  stm32f10x_rcc.o
    0x08001904   0x00000020   Code   RO         1264    i.RCC_APB1PeriphClockCmd  stm32f10x_rcc.o
    0x08001924   0x00000020   Code   RO         1265    i.RCC_APB1PeriphResetCmd  stm32f10x_rcc.o
    0x08001944   0x00000020   Code   RO         1266    i.RCC_APB2PeriphClockCmd  stm32f10x_rcc.o
    0x08001964   0x00000020   Code   RO         1267    i.RCC_APB2PeriphResetCmd  stm32f10x_rcc.o
    0x08001984   0x000000d4   Code   RO         1274    i.RCC_GetClocksFreq  stm32f10x_rcc.o
    0x08001a58   0x00000034   Code   RO          429    i.Read_Data         stmflash.o
    0x08001a8c   0x00000022   Code   RO          430    i.STMFLASH_Read     stmflash.o
    0x08001aae   0x00000006   Code   RO          431    i.STMFLASH_ReadHalfWord  stmflash.o
    0x08001ab4   0x000000e8   Code   RO          432    i.STMFLASH_Write    stmflash.o
    0x08001b9c   0x00000026   Code   RO          433    i.STMFLASH_Write_NoCheck  stmflash.o
    0x08001bc2   0x00000002   Code   RO          167    i.SVC_Handler       stm32f10x_it.o
    0x08001bc4   0x00000008   Code   RO          250    i.SetSysClock       system_stm32f10x.o
    0x08001bcc   0x000000e0   Code   RO          251    i.SetSysClockTo72   system_stm32f10x.o
    0x08001cac   0x000000c8   Code   RO          349    i.SpeedPID          control.o
    0x08001d74   0x00000028   Code   RO          840    i.SysTick_CLKSourceConfig  misc.o
    0x08001d9c   0x00000002   Code   RO          168    i.SysTick_Handler   stm32f10x_it.o
    0x08001d9e   0x00000002   PAD
    0x08001da0   0x00000060   Code   RO          253    i.SystemInit        system_stm32f10x.o
    0x08001e00   0x00000080   Code   RO         1462    i.TI1_Config        stm32f10x_tim.o
    0x08001e80   0x00000098   Code   RO         1463    i.TI2_Config        stm32f10x_tim.o
    0x08001f18   0x00000090   Code   RO         1464    i.TI3_Config        stm32f10x_tim.o
    0x08001fa8   0x00000098   Code   RO         1465    i.TI4_Config        stm32f10x_tim.o
    0x08002040   0x00000030   Code   RO          350    i.TIM5_IRQHandler   control.o
    0x08002070   0x0000005c   Code   RO          801    i.TIM5_init         tim2.o
    0x080020cc   0x000000c0   Code   RO          351    i.TIM6_IRQHandler   control.o
    0x0800218c   0x0000005c   Code   RO          802    i.TIM6_init         tim2.o
    0x080021e8   0x00000018   Code   RO         1466    i.TIM_ARRPreloadConfig  stm32f10x_tim.o
    0x08002200   0x00000006   Code   RO         1472    i.TIM_ClearFlag     stm32f10x_tim.o
    0x08002206   0x00000018   Code   RO         1478    i.TIM_Cmd           stm32f10x_tim.o
    0x0800221e   0x00000002   PAD
    0x08002220   0x000001e8   Code   RO         1483    i.TIM_DeInit        stm32f10x_tim.o
    0x08002408   0x00000042   Code   RO         1487    i.TIM_EncoderInterfaceConfig  stm32f10x_tim.o
    0x0800244a   0x00000002   PAD
    0x0800244c   0x000000ac   Code   RO         1501    i.TIM_ICInit        stm32f10x_tim.o
    0x080024f8   0x00000012   Code   RO         1502    i.TIM_ICStructInit  stm32f10x_tim.o
    0x0800250a   0x00000012   Code   RO         1503    i.TIM_ITConfig      stm32f10x_tim.o
    0x0800251c   0x00000012   Code   RO         1510    i.TIM_OC1PreloadConfig  stm32f10x_tim.o
    0x0800252e   0x00000002   PAD
    0x08002530   0x0000007c   Code   RO         1522    i.TIM_OC4Init       stm32f10x_tim.o
    0x080025ac   0x00000090   Code   RO          296    i.TIM_PWM_Init      pwm.o
    0x0800263c   0x00000012   Code   RO         1544    i.TIM_SetIC1Prescaler  stm32f10x_tim.o
    0x0800264e   0x0000001a   Code   RO         1545    i.TIM_SetIC2Prescaler  stm32f10x_tim.o
    0x08002668   0x00000012   Code   RO         1546    i.TIM_SetIC3Prescaler  stm32f10x_tim.o
    0x0800267a   0x0000001a   Code   RO         1547    i.TIM_SetIC4Prescaler  stm32f10x_tim.o
    0x08002694   0x000000a4   Code   RO         1549    i.TIM_TimeBaseInit  stm32f10x_tim.o
    0x08002738   0x00000012   Code   RO         1550    i.TIM_TimeBaseStructInit  stm32f10x_tim.o
    0x0800274a   0x00000002   PAD
    0x0800274c   0x000000a4   Code   RO          488    i.UI_1              oled_i2c.o
    0x080027f0   0x00000094   Code   RO          489    i.UI_2              oled_i2c.o
    0x08002884   0x00000038   Code   RO          490    i.UI_R              oled_i2c.o
    0x080028bc   0x00000050   Code   RO          491    i.UI_TILTLE         oled_i2c.o
    0x0800290c   0x00000050   Code   RO          746    i.USART3_IRQHandler  usart.o
    0x0800295c   0x00000018   Code   RO         2014    i.USART_Cmd         stm32f10x_usart.o
    0x08002974   0x00000054   Code   RO         2018    i.USART_GetITStatus  stm32f10x_usart.o
    0x080029c8   0x0000004a   Code   RO         2020    i.USART_ITConfig    stm32f10x_usart.o
    0x08002a12   0x00000002   PAD
    0x08002a14   0x000000d8   Code   RO         2021    i.USART_Init        stm32f10x_usart.o
    0x08002aec   0x0000000a   Code   RO         2028    i.USART_ReceiveData  stm32f10x_usart.o
    0x08002af6   0x00000008   Code   RO         2031    i.USART_SendData    stm32f10x_usart.o
    0x08002afe   0x00000004   Code   RO          169    i.UsageFault_Handler  stm32f10x_it.o
    0x08002b02   0x00000020   Code   RO          492    i.WriteCmd          oled_i2c.o
    0x08002b22   0x00000020   Code   RO          493    i.WriteDat          oled_i2c.o
    0x08002b42   0x00000022   Code   RO          434    i.Write_HByte       stmflash.o
    0x08002b64   0x00000044   Code   RO          661    i.delay_init        delay.o
    0x08002ba8   0x0000004c   Code   RO          662    i.delay_ms          delay.o
    0x08002bf4   0x0000004c   Code   RO          663    i.delay_us          delay.o
    0x08002c40   0x00000034   Code   RO          611    i.exti_io_init      exti.o
    0x08002c74   0x000001a8   Code   RO          392    i.function          motor.o
    0x08002e1c   0x000000b4   Code   RO            2    i.main              main.o
    0x08002ed0   0x000001a8   Code   RO          352    i.pid               control.o
    0x08003078   0x000000c0   Code   RO          751    i.protocol          usart.o
    0x08003138   0x00000048   Code   RO          393    i.setmoto           motor.o
    0x08003180   0x000000a8   Code   RO          752    i.uart3_init        usart.o
    0x08003228   0x0000002c   Code   RO         2641    locale$$code        c_w.l(lc_ctype_c.o)
    0x08003254   0x000000c4   Code   RO         2578    x$fpl$fadd          fz_ws.l(faddsub_clz.o)
    0x08003318   0x00000036   Code   RO         2584    x$fpl$ffix          fz_ws.l(ffix.o)
    0x0800334e   0x00000002   PAD
    0x08003350   0x00000030   Code   RO         2589    x$fpl$fflt          fz_ws.l(fflt_clz.o)
    0x08003380   0x00000102   Code   RO         2594    x$fpl$fmul          fz_ws.l(fmul.o)
    0x08003482   0x0000008c   Code   RO         2604    x$fpl$fnaninf       fz_ws.l(fnaninf.o)
    0x0800350e   0x0000000a   Code   RO         2606    x$fpl$fretinf       fz_ws.l(fretinf.o)
    0x08003518   0x000000ea   Code   RO         2580    x$fpl$fsub          fz_ws.l(faddsub_clz.o)
    0x08003602   0x00000000   Code   RO         2608    x$fpl$usenofp       fz_ws.l(usenofp.o)
    0x08003602   0x0000084e   Data   RO          494    .constdata          oled_i2c.o
    0x08003e50   0x00000020   Data   RO         2776    Region$$Table       anon$$obj.o
    0x08003e70   0x00000110   Data   RO         2640    locale$$data        c_w.l(lc_ctype_c.o)


    Execution Region RW_IRAM1 (Base: 0x20000000, Size: 0x00001060, Max: 0x0000c000, ABSOLUTE, COMPRESSED[0x0000011c])

    Base Addr    Size         Type   Attr      Idx    E Section Name        Object

    0x20000000   0x00000021   Data   RW            3    .data               main.o
    0x20000021   0x00000003   PAD
    0x20000024   0x00000014   Data   RW          254    .data               system_stm32f10x.o
    0x20000038   0x00000060   Data   RW          353    .data               control.o
    0x20000098   0x00000004   Data   RW          395    .data               motor.o
    0x2000009c   0x0000011e   Data   RW          495    .data               oled_i2c.o
    0x200001ba   0x00000004   Data   RW          613    .data               exti.o
    0x200001be   0x00000004   Data   RW          664    .data               delay.o
    0x200001c2   0x00000003   Data   RW          754    .data               usart.o
    0x200001c5   0x00000014   Data   RW         1294    .data               stm32f10x_rcc.o
    0x200001d9   0x00000003   PAD
    0x200001dc   0x00000800   Zero   RW          435    .bss                stmflash.o
    0x200009dc   0x0000000c   Zero   RW          612    .bss                exti.o
    0x200009e8   0x00000014   Zero   RW          753    .bss                usart.o
    0x200009fc   0x00000060   Zero   RW         2610    .bss                c_w.l(libspace.o)
    0x20000a5c   0x00000004   PAD
    0x20000a60   0x00000200   Zero   RW          830    HEAP                startup_stm32f10x_hd.o
    0x20000c60   0x00000400   Zero   RW          829    STACK               startup_stm32f10x_hd.o


==============================================================================

Image component sizes


      Code (inc. data)   RO Data    RW Data    ZI Data      Debug   Object Name

       250         16          0          0          0       1687   adc.o
      1024        190          0         96          0       3684   control.o
       220         26          0          4          0       1651   delay.o
       208         10          0          0          0        679   encoder.o
      1258        206          0          4         12       4641   exti.o
        52          6          0          0          0        479   led.o
       524         74          0         33          0     271798   main.o
       172         22          0          0          0       2013   misc.o
       600        110          0          4          0       1845   motor.o
      1730        170       2126        286          0      10102   oled_i2c.o
       144          6          0          0          0        699   pwm.o
        64         26        304          0       1536        788   startup_stm32f10x_hd.o
       486         24          0          0          0       8378   stm32f10x_adc.o
       200         18          0          0          0       2052   stm32f10x_exti.o
       274         30          0          0          0       3322   stm32f10x_flash.o
       506         10          0          0          0       4385   stm32f10x_gpio.o
        26          0          0          0          0       3606   stm32f10x_it.o
       364         50          0         20          0       6031   stm32f10x_rcc.o
      1804        224          0          0          0      12931   stm32f10x_tim.o
       416          6          0          0          0       5411   stm32f10x_usart.o
       396         30          0          0       2048       4287   stmflash.o
         0          0          0          0          0         32   sys.o
       328         28          0         20          0       2037   system_stm32f10x.o
       184         12          0          0          0       1192   tim2.o
       440         62          0          3         20       2541   usart.o

    ----------------------------------------------------------------------
     11702       1356       2462        476       3616     356271   Object Totals
         0          0         32          0          0          0   (incl. Generated)
        32          0          0          6          0          0   (incl. Padding)

    ----------------------------------------------------------------------

      Code (inc. data)   RO Data    RW Data    ZI Data      Debug   Library Member Name

        90          0          0          0          0          0   __dczerorl2.o
         8          0          0          0          0         68   __main.o
         0          0          0          0          0          0   __rtentry.o
        12          0          0          0          0          0   __rtentry2.o
         6          0          0          0          0          0   __rtentry4.o
        52          8          0          0          0          0   __scatter.o
        28          0          0          0          0          0   __scatter_zi.o
        28          0          0          0          0         68   _chval.o
       158          0          0          0          0         92   _strtoul.o
        26          0          0          0          0         80   atoi.o
        12          0          0          0          0         72   exit.o
         6          0          0          0          0        152   heapauxi.o
         0          0          0          0          0          0   indicate_semi.o
        44         10        272          0          0         76   lc_ctype_c.o
         2          0          0          0          0          0   libinit.o
        20          0          0          0          0          0   libinit2.o
         2          0          0          0          0          0   libshutdown.o
         2          0          0          0          0          0   libshutdown2.o
         8          4          0          0         96         68   libspace.o
        16          4          0          0          0         76   rt_ctype_table.o
         8          4          0          0          0         68   rt_errno_addr_intlibspace.o
         8          4          0          0          0         68   rt_locale_intlibspace.o
         2          0          0          0          0          0   rtexit.o
        10          0          0          0          0          0   rtexit2.o
       128          0          0          0          0         68   strcmpv7m.o
       112          0          0          0          0         88   strtol.o
        12          4          0          0          0         68   sys_exit.o
        74          0          0          0          0         80   sys_stackheap_outer.o
         2          0          0          0          0         68   use_no_semi.o
       430          8          0          0          0        168   faddsub_clz.o
        54          4          0          0          0         84   ffix.o
        48          0          0          0          0         68   fflt_clz.o
       258          4          0          0          0         84   fmul.o
       140          4          0          0          0         84   fnaninf.o
        10          0          0          0          0         68   fretinf.o
         0          0          0          0          0          0   usenofp.o

    ----------------------------------------------------------------------
      1820         58        272          0        100       1816   Library Totals
         4          0          0          0          4          0   (incl. Padding)

    ----------------------------------------------------------------------

      Code (inc. data)   RO Data    RW Data    ZI Data      Debug   Library Name

       876         38        272          0         96       1260   c_w.l
       940         20          0          0          0        556   fz_ws.l

    ----------------------------------------------------------------------
      1820         58        272          0        100       1816   Library Totals

    ----------------------------------------------------------------------

==============================================================================


      Code (inc. data)   RO Data    RW Data    ZI Data      Debug   

     13522       1414       2734        476       3716     350751   Grand Totals
     13522       1414       2734        284       3716     350751   ELF Image Totals (compressed)
     13522       1414       2734        284          0          0   ROM Totals

==============================================================================

    Total RO  Size (Code + RO Data)                16256 (  15.88kB)
    Total RW  Size (RW Data + ZI Data)              4192 (   4.09kB)
    Total ROM Size (Code + RO Data + RW Data)      16540 (  16.15kB)

==============================================================================

